#
# There is insufficient memory for the Java Runtime Environment to continue.
# Native memory allocation (mmap) failed to map 264241152 bytes. Error detail: G1 virtual space
# Possible reasons:
#   The system is out of physical RAM or swap space
#   This process is running with CompressedOops enabled, and the Java Heap may be blocking the growth of the native heap
# Possible solutions:
#   Reduce memory load on the system
#   Increase physical memory or swap space
#   Check if swap backing store is full
#   Decrease Java heap size (-Xmx/-Xms)
#   Decrease number of Java threads
#   Decrease Java thread stack sizes (-Xss)
#   Set larger code cache with -XX:ReservedCodeCacheSize=
#   JVM is running with Zero Based Compressed Oops mode in which the Java heap is
#     placed in the first 32GB address space. The Java Heap base address is the
#     maximum limit for the native heap growth. Please use -XX:HeapBaseMinAddress
#     to set the Java Heap base and to place the Java Heap above 32GB virtual address.
# This output file may be truncated or incomplete.
#
#  Out of Memory Error (os_windows.cpp:3554), pid=6636, tid=6416
#
# JRE version:  (25.0.3+9) (build )
# Java VM: OpenJDK 64-Bit Server VM (25.0.3+9-LTS, mixed mode, sharing, tiered, compressed oops, compressed class ptrs, g1 gc, windows-amd64)
# No core dump will be written. Minidumps are not enabled by default on client versions of Windows
#

---------------  S U M M A R Y ------------

Command Line: org.jetbrains.kotlin.cli.jvm.K2JVMCompiler @D:\ProfilePage\app\build\20260909_3439812739903005412.compiler.options

Host: 12th Gen Intel(R) Core(TM) i5-12500H, 16 cores, 15G,  Windows 11 , 64 bit Build 26100 (10.0.26100.9444)
Time: Wed Sep  9 21:25:07 2026 SE Asia Standard Time elapsed time: 0.031039 seconds (0d 0h 0m 0s)

---------------  T H R E A D  ---------------

Current thread (0x0000023f20434160):  JavaThread "Unknown thread" [_thread_in_vm, id=6416, stack(0x0000005759d00000,0x0000005759e00000) (1024K)]

Stack: [0x0000005759d00000,0x0000005759e00000]
Native frames: (J=compiled Java code, j=interpreted, Vv=VM code, C=native code)
V  [jvm.dll+0x7aa709]  (no source info available)
V  [jvm.dll+0x7749ed]  (no source info available)
V  [jvm.dll+0x9f7433]  (no source info available)
V  [jvm.dll+0x9f9a21]  (no source info available)
V  [jvm.dll+0x9fa133]  (no source info available)
V  [jvm.dll+0x2fd266]  (no source info available)
V  [jvm.dll+0x7a6935]  (no source info available)
V  [jvm.dll+0x799d87]  (no source info available)
V  [jvm.dll+0x3f5d88]  (no source info available)
V  [jvm.dll+0x3fdcf6]  (no source info available)
V  [jvm.dll+0x3ea45e]  (no source info available)
V  [jvm.dll+0x3ea718]  (no source info available)
V  [jvm.dll+0x3c1575]  (no source info available)
V  [jvm.dll+0x3c21fe]  (no source info available)
V  [jvm.dll+0x9be2b4]  (no source info available)
V  [jvm.dll+0x45a9b2]  (no source info available)
V  [jvm.dll+0x9a20e2]  (no source info available)
V  [jvm.dll+0x4fb801]  (no source info available)
V  [jvm.dll+0x4fd0f1]  (no source info available)
C  [jli.dll+0x5406]  (no source info available)
C  [ucrtbase.dll+0x2cd30]  (no source info available)
C  [KERNEL32.DLL+0x2cd87]  (no source info available)
C  [ntdll.dll+0xacaec]  (no source info available)

Lock stack of current Java thread (top to bottom):


---------------  P R O C E S S  ---------------

Threads class SMR info:
_java_thread_list=0x00007ff8b3a31008, length=0, elements={
}

Java Threads: ( => current thread )
Total: 0

Other Threads:
  0x0000023f2280d430 WorkerThread "GC Thread#0"                     [id=508, stack(0x0000005759e00000,0x0000005759f00000) (1024K)]
  0x0000023f22826b10 ConcurrentGCThread "G1 Main Marker"            [id=19652, stack(0x0000005759f00000,0x000000575a000000) (1024K)]
  0x0000023f22827e50 WorkerThread "G1 Conc#0"                       [id=2268, stack(0x000000575a000000,0x000000575a100000) (1024K)]

[error occurred during error reporting (printing all threads), id 0xc0000005, EXCEPTION_ACCESS_VIOLATION (0xc0000005) at pc=0x00007ff8b305646a]
VM state: not at safepoint (not fully initialized)

VM Mutex/Monitor currently owned by a thread:  ([mutex/lock_event])
[0x00007ff8b3ab9828] Heap_lock - owner thread: 0x0000023f20434160

Heap address: 0x0000000705e00000, size: 4002 MB, Compressed Oops mode: Zero based, Oop shift amount: 3

CDS archive(s) mapped at: [0x0000000000000000-0x0000000000000000-0x0000000000000000), size 0, SharedBaseAddress: 0x0000000800000000, ArchiveRelocationMode: 1.
UseCompressedClassPointers 1, UseCompactObjectHeaders 0
Narrow klass pointer bits 32, Max shift 3
Narrow klass base: 0xffffffffffffffff, Narrow klass shift: -1
Encoding Range: [0xffffffffffffffff - 0x000000007fffffff), (2147483648 bytes)
Klass Range:    [0x0000000000000000 - 0x0000000000000000), (0 bytes)
Klass ID Range:  [4294967295 - 0) (1)
No protection zone.

GC Precious Log:
 CardTable entry size: 512
 Card Set container configuration: InlinePtr #cards 4 size 8 Array Of Cards #cards 16 size 48 Howl #buckets 8 coarsen threshold 3686 Howl Bitmap #cards 512 size 80 coarsen threshold 460 Card regions per heap region 1 cards per card region 4096

Heap:
 garbage-first heap   total reserved 4098048K, committed 0K, used 0K [0x0000000705e00000, 0x0000000800000000)
  region size 2048K, 0 young (0K), 0 survivors (0K)

Heap Regions: E=young(eden), S=young(survivor), O=old, HS=humongous(starts), HC=humongous(continues), CS=collection set, F=free, TAMS=top-at-mark-start, PB=parsable bottom

Card table byte_map: [0x0000023f3b310000,0x0000023f3baf0000] _byte_map_base: 0x0000023f37ae1000

Marking Bits: (CMBitMap*) 0x0000023f2280dbc0
 Bits: [0x0000023f3baf0000, 0x0000023f3f978000)

GC Heap Usage History (0 events):
No events

Metaspace Usage History (0 events):
No events

Dll operation events (1 events):
Event: 0.012 Loaded shared library C:\Users\A S U S\.gradle\jdks\eclipse_adoptium-25-amd64-windows.2\bin\java.dll

Deoptimization events (0 events):
No events

Classes loaded (0 events):
No events

Classes unloaded (0 events):
No events

Classes redefined (0 events):
No events

Internal exceptions (0 events):
No events

VM Operations (0 events):
No events

Memory protections (0 events):
No events

Nmethod flushes (0 events):
No events

Events (0 events):
No events


Dynamic libraries:
0x00007ff720400000 - 0x00007ff72040e000 	C:\Users\A S U S\.gradle\jdks\eclipse_adoptium-25-amd64-windows.2\bin\java.exe
0x00007ff91c960000 - 0x00007ff91cbc7000 	C:\WINDOWS\SYSTEM32\ntdll.dll
0x00007ff91ac20000 - 0x00007ff91aceb000 	C:\WINDOWS\System32\KERNEL32.DLL
0x00007ff919c90000 - 0x00007ff91a092000 	C:\WINDOWS\System32\KERNELBASE.dll
0x00007ff91a0a0000 - 0x00007ff91a1ec000 	C:\WINDOWS\System32\ucrtbase.dll
0x00007ff901f50000 - 0x00007ff901f6e000 	C:\Users\A S U S\.gradle\jdks\eclipse_adoptium-25-amd64-windows.2\bin\VCRUNTIME140.dll
0x00007ff9025e0000 - 0x00007ff9025f6000 	C:\Users\A S U S\.gradle\jdks\eclipse_adoptium-25-amd64-windows.2\bin\jli.dll
0x00007ff91ae10000 - 0x00007ff91afdf000 	C:\WINDOWS\System32\USER32.dll
0x00007ff8fe490000 - 0x00007ff8fe720000 	C:\WINDOWS\WinSxS\amd64_microsoft.windows.common-controls_6595b64144ccf1df_6.0.26100.9278_none_3e0d1ba8e3303201\COMCTL32.dll
0x00007ff91a2c0000 - 0x00007ff91a2e7000 	C:\WINDOWS\System32\win32u.dll
0x00007ff91a680000 - 0x00007ff91a729000 	C:\WINDOWS\System32\msvcrt.dll
0x00007ff91aa00000 - 0x00007ff91aa2b000 	C:\WINDOWS\System32\GDI32.dll
0x00007ff919b60000 - 0x00007ff919c89000 	C:\WINDOWS\System32\gdi32full.dll
0x00007ff91a3b0000 - 0x00007ff91a453000 	C:\WINDOWS\System32\msvcp_win.dll
0x00007ff91c620000 - 0x00007ff91c651000 	C:\WINDOWS\System32\IMM32.DLL
0x00007ff911610000 - 0x00007ff91161c000 	C:\Users\A S U S\.gradle\jdks\eclipse_adoptium-25-amd64-windows.2\bin\vcruntime140_1.dll
0x00007ff8dc770000 - 0x00007ff8dc7fd000 	C:\Users\A S U S\.gradle\jdks\eclipse_adoptium-25-amd64-windows.2\bin\msvcp140.dll
0x00007ff8b2c80000 - 0x00007ff8b3baa000 	C:\Users\A S U S\.gradle\jdks\eclipse_adoptium-25-amd64-windows.2\bin\server\jvm.dll
0x00007ff91c660000 - 0x00007ff91c71c000 	C:\WINDOWS\System32\ADVAPI32.dll
0x00007ff91a730000 - 0x00007ff91a7d9000 	C:\WINDOWS\System32\sechost.dll
0x00007ff91c800000 - 0x00007ff91c918000 	C:\WINDOWS\System32\RPCRT4.dll
0x00007ff91ad80000 - 0x00007ff91ae00000 	C:\WINDOWS\System32\WS2_32.dll
0x00007ff918690000 - 0x00007ff9186ee000 	C:\WINDOWS\SYSTEM32\POWRPROF.dll
0x00007ff911e70000 - 0x00007ff911e7b000 	C:\WINDOWS\SYSTEM32\VERSION.dll
0x00007ff90edc0000 - 0x00007ff90edf6000 	C:\WINDOWS\SYSTEM32\WINMM.dll
0x00007ff918670000 - 0x00007ff918685000 	C:\WINDOWS\SYSTEM32\UMPDC.dll
0x00007ff918950000 - 0x00007ff91896b000 	C:\WINDOWS\SYSTEM32\kernel.appcore.dll
0x00007ff9025d0000 - 0x00007ff9025da000 	C:\Users\A S U S\.gradle\jdks\eclipse_adoptium-25-amd64-windows.2\bin\jimage.dll
0x00007ff916fa0000 - 0x00007ff9171ec000 	C:\WINDOWS\SYSTEM32\DBGHELP.DLL
0x00007ff91baf0000 - 0x00007ff91be75000 	C:\WINDOWS\System32\combase.dll
0x00007ff91b580000 - 0x00007ff91b659000 	C:\WINDOWS\System32\OLEAUT32.dll
0x00007ff906f80000 - 0x00007ff906fbb000 	C:\WINDOWS\SYSTEM32\dbgcore.DLL
0x00007ff91a200000 - 0x00007ff91a2ac000 	C:\WINDOWS\System32\bcryptPrimitives.dll
0x00007ff901f20000 - 0x00007ff901f3e000 	C:\Users\A S U S\.gradle\jdks\eclipse_adoptium-25-amd64-windows.2\bin\java.dll
0x00007ff91b110000 - 0x00007ff91b2aa000 	C:\WINDOWS\System32\ole32.dll
0x00007ff91be80000 - 0x00007ff91c618000 	C:\WINDOWS\System32\SHELL32.dll

JVMTI agents: none

dbghelp: loaded successfully - version: 4.0.5 - missing functions: none
symbol engine: initialized successfully - sym options: 0x614 - pdb path: .;C:\Users\A S U S\.gradle\jdks\eclipse_adoptium-25-amd64-windows.2\bin;C:\WINDOWS\SYSTEM32;C:\WINDOWS\WinSxS\amd64_microsoft.windows.common-controls_6595b64144ccf1df_6.0.26100.9278_none_3e0d1ba8e3303201;C:\Users\A S U S\.gradle\jdks\eclipse_adoptium-25-amd64-windows.2\bin\server

VM Arguments:
java_command: org.jetbrains.kotlin.cli.jvm.K2JVMCompiler @D:\ProfilePage\app\build\20260909_3439812739903005412.compiler.options
java_class_path (initial): C:\Users\A S U S\.gradle\caches\modules-2\files-2.1\org.jetbrains.kotlin\kotlin-compiler-embeddable\2.2.10\6882d39ef03b18879c1a5d2a83c2212361bed5fe\kotlin-compiler-embeddable-2.2.10.jar;C:\Users\A S U S\.gradle\caches\modules-2\files-2.1\org.jetbrains.kotlin\kotlin-stdlib\2.2.10\30de6faa127a4a012db8e71bf1b9c0a99b1402b2\kotlin-stdlib-2.2.10.jar;C:\Users\A S U S\.gradle\caches\modules-2\files-2.1\org.jetbrains.kotlin\kotlin-script-runtime\2.2.10\712f9bc08f378c13a4a00f0bbb28c76e59183e83\kotlin-script-runtime-2.2.10.jar;C:\Users\A S U S\.gradle\caches\modules-2\files-2.1\org.jetbrains.kotlin\kotlin-reflect\1.6.10\1cbe9c92c12a94eea200d23c2bbaedaf3daf5132\kotlin-reflect-1.6.10.jar;C:\Users\A S U S\.gradle\caches\modules-2\files-2.1\org.jetbrains.kotlin\kotlin-daemon-embeddable\2.2.10\212fd3c2c6e4e5d0f4db3c4191233e2b622380cc\kotlin-daemon-embeddable-2.2.10.jar;C:\Users\A S U S\.gradle\caches\modules-2\files-2.1\org.jetbrains.kotlinx\kotlinx-coroutines-core-jvm\1.8.0\ac1dc37a30a93150b704022f8d895ee1bd3a36b3\kotlinx-coroutines-core-jvm-1.8.0.jar;C:\Users\A S U S\.gradle\caches\modules-2\files-2.1\org.jetbrains\annotations\13.0\919f0dfe192fb4e063e7dacadee7f8bb9a2672a9\annotations-13.0.jar
Launcher Type: SUN_STANDARD

[Global flags]
     intx CICompilerCount                          = 12                                        {product} {ergonomic}
     uint ConcGCThreads                            = 3                                         {product} {ergonomic}
     uint G1ConcRefinementThreads                  = 13                                        {product} {ergonomic}
   size_t G1HeapRegionSize                         = 2097152                                   {product} {ergonomic}
   size_t InitialHeapSize                          = 264241152                                 {product} {ergonomic}
   size_t MarkStackSize                            = 4194304                                   {product} {ergonomic}
   size_t MarkStackSizeMax                         = 536870912                                 {product} {ergonomic}
   size_t MaxHeapSize                              = 4196401152                                {product} {ergonomic}
   size_t MinHeapDeltaBytes                        = 2097152                                   {product} {ergonomic}
   size_t MinHeapSize                              = 8388608                                   {product} {ergonomic}
    uintx NonNMethodCodeHeapSize                   = 7667712                                {pd product} {ergonomic}
    uintx NonProfiledCodeHeapSize                  = 122028032                              {pd product} {ergonomic}
    uintx ProfiledCodeHeapSize                     = 122028032                              {pd product} {ergonomic}
    uintx ReservedCodeCacheSize                    = 251723776                              {pd product} {ergonomic}
     bool SegmentedCodeCache                       = true                                      {product} {ergonomic}
   size_t SoftMaxHeapSize                          = 4196401152                             {manageable} {ergonomic}
     bool UseCompressedOops                        = true                           {product lp64_product} {ergonomic}
     bool UseG1GC                                  = true                                      {product} {ergonomic}
     bool UseLargePagesIndividualAllocation        = false                                  {pd product} {ergonomic}

Logging:
Log output configuration:
 #0: stdout all=warning uptime,level,tags foldmultilines=false
 #1: stderr all=off uptime,level,tags foldmultilines=false

Release file:
<release file has not been read>
Environment Variables:
PATH=C:\Program Files\Eclipse Adoptium\jdk-21.0.4.7-hotspot\bin;C:\Program Files\Common Files\Oracle\Java\javapath;C:\Program Files (x86)\Common Files\Oracle\Java\java8path;C:\Program Files (x86)\Common Files\Oracle\Java\javapath;C:\Windows\system32;C:\Windows;C:\Windows\System32\Wbem;C:\Windows\System32\WindowsPowerShell\v1.0\;C:\Windows\System32\OpenSSH\;C:\Program Files (x86)\NVIDIA Corporation\PhysX\Common;C:\Program Files\NVIDIA Corporation\NVIDIA NvDLISR;C:\WINDOWS\system32;C:\WINDOWS;C:\WINDOWS\System32\Wbem;C:\WINDOWS\System32\WindowsPowerShell\v1.0\;C:\WINDOWS\System32\OpenSSH\;C:\Program Files\Java\jdk-22\bin;C:\xampp\php;C:\ProgramData\ComposerSetup\bin;D:\Git\cmd;C:\PROGRA~1\IBM\SQLLIB\BIN;C:\PROGRA~1\IBM\SQLLIB\FUNCTION;C:\PROGRA~1\IBM\SQLLIB\SAMPLES\REPL;D:\xampp baru\xampp\php;D:\Program Files\nodejs\;C:\Program Files\dotnet\;C:\Users\A S U S\AppData\Local\Programs\Python\Launcher\;C:\Users\A S U S\AppData\Local\Microsoft\WindowsApps;C:\Users\A S U S\AppData\Local\Programs\Microsoft VS Code\bin;C:\Users\A S U S\AppData\Roaming\Composer\vendor\bin;C:\Users\A S U S\AppData\Roaming\npm
USERNAME=A S U S
OS=Windows_NT
PROCESSOR_IDENTIFIER=Intel64 Family 6 Model 154 Stepping 3, GenuineIntel
TMP=C:\Users\ASUS~1\AppData\Local\Temp
TEMP=C:\Users\ASUS~1\AppData\Local\Temp




Compilation memory statistics disabled.

Periodic native trim disabled

---------------  S Y S T E M  ---------------

OS:
 Windows 11 , 64 bit Build 26100 (10.0.26100.9444)
OS uptime: 0 days 4:54 hours
Hyper-V role detected

CPU: total 16 (initial active 16) (8 cores per cpu, 2 threads per core) family 6 model 154 stepping 3 microcode 0x434, cx8, cmov, fxsr, ht, mmx, 3dnowpref, sse, sse2, sse3, ssse3, sse4.1, sse4.2, popcnt, lzcnt, tsc, tscinvbit, avx, avx2, aes, erms, clmul, bmi1, bmi2, adx, sha, fma, vzeroupper, clflush, clflushopt, clwb, hv, serialize, rdtscp, rdpid, fsrm, gfni, f16c, cet_ibt, cet_ss
Processor Information for the first 16 processors :
  Max Mhz: 2500, Current Mhz: 2500, Mhz Limit: 2500

Memory: 4k page, system-wide physical 16002M (1256M free)
TotalPageFile size 16002M (AvailPageFile size 100M)
current process WorkingSet (physical memory assigned to process): 14M, peak: 14M
current process commit charge ("private bytes"): 71M, peak: 323M

vm_info: OpenJDK 64-Bit Server VM (25.0.3+9-LTS) for windows-amd64 JRE (25.0.3+9-LTS), built on 2026-04-21T00:00:00Z with MS VC++ 17.12 (VS2022)

END.
