#
# There is insufficient memory for the Java Runtime Environment to continue.
# Native memory allocation (malloc) failed to allocate 1395288 bytes. Error detail: Chunk::new
# Possible reasons:
#   The system is out of physical RAM or swap space
#   This process is running with CompressedOops enabled, and the Java Heap may be blocking the growth of the native heap
# Possible solutions:
#   Reduce memory load on the system
#   Increase physical memory or swap space
#   Check if swap backing store is full
#   Decrease Java heap size (-Xmx/-Xms)
#   Decrease number of Java threads
#   Decrease Java thread stack sizes (-Xss)
#   Set larger code cache with -XX:ReservedCodeCacheSize=
#   JVM is running with Unscaled Compressed Oops mode in which the Java heap is
#     placed in the first 4GB address space. The Java Heap base address is the
#     maximum limit for the native heap growth. Please use -XX:HeapBaseMinAddress
#     to set the Java Heap base and to place the Java Heap above 4GB virtual address.
# This output file may be truncated or incomplete.
#
#  Out of Memory Error (arena.cpp:186), pid=16628, tid=1236
#
# JRE version: OpenJDK Runtime Environment (25.0.2) (build 25.0.2+-15348964-b329.117)
# Java VM: OpenJDK 64-Bit Server VM (25.0.2+-15348964-b329.117, mixed mode, tiered, compressed oops, compressed class ptrs, g1 gc, windows-amd64)
# No core dump will be written. Minidumps are not enabled by default on client versions of Windows
#

---------------  S U M M A R Y ------------

Command Line: --add-opens=java.base/java.lang=ALL-UNNAMED --add-opens=java.base/java.lang.invoke=ALL-UNNAMED --add-opens=java.base/java.util=ALL-UNNAMED --add-opens=java.prefs/java.util.prefs=ALL-UNNAMED --add-exports=jdk.compiler/com.sun.tools.javac.api=ALL-UNNAMED --add-exports=jdk.compiler/com.sun.tools.javac.util=ALL-UNNAMED --add-opens=java.base/java.nio.charset=ALL-UNNAMED --add-opens=java.base/java.net=ALL-UNNAMED --add-opens=java.base/java.util.concurrent=ALL-UNNAMED --add-opens=java.base/java.util.concurrent.atomic=ALL-UNNAMED --add-opens=java.xml/javax.xml.namespace=ALL-UNNAMED --add-opens=java.base/java.time=ALL-UNNAMED --enable-native-access=ALL-UNNAMED -Xmx2048m -Dfile.encoding=UTF-8 -Duser.country=ID -Duser.language=en -Duser.variant -javaagent:C:\Users\A S U S\.gradle\wrapper\dists\gradle-9.5.0-bin\bvnork1r7n8i6kp5cnkibsc9q\gradle-9.5.0\lib\agents\gradle-instrumentation-agent-9.5.0.jar org.gradle.launcher.daemon.bootstrap.GradleDaemon 9.5.0

Host: 12th Gen Intel(R) Core(TM) i5-12500H, 16 cores, 15G,  Windows 11 , 64 bit Build 26100 (10.0.26100.9444)
Time: Thu Sep 10 10:25:54 2026 SE Asia Standard Time elapsed time: 3.519573 seconds (0d 0h 0m 3s)

---------------  T H R E A D  ---------------

Current thread (0x000001d2587ce610):  JavaThread "C2 CompilerThread1" daemon [_thread_in_native, id=1236, stack(0x0000008e6d300000,0x0000008e6d400000) (1024K)]


Current CompileTask:
C2:3519 6135       4       org.gradle.internal.serialize.graph.DefaultReadContext::readSmallInt (10 bytes)

Stack: [0x0000008e6d300000,0x0000008e6d400000]
Native frames: (J=compiled Java code, j=interpreted, Vv=VM code, C=native code)
V  [jvm.dll+0x7bd439]  (no source info available)
V  [jvm.dll+0x78763d]  (no source info available)
V  [jvm.dll+0xa0c885]  (no source info available)
V  [jvm.dll+0xa0ef04]  (no source info available)
V  [jvm.dll+0xa0f603]  (no source info available)
V  [jvm.dll+0x309bf6]  (no source info available)
V  [jvm.dll+0x10ea69]  (no source info available)
V  [jvm.dll+0x10ed92]  (no source info available)
V  [jvm.dll+0x1a9837]  (no source info available)
V  [jvm.dll+0x3bec92]  (no source info available)
V  [jvm.dll+0x7c2cb7]  (no source info available)
V  [jvm.dll+0x2ce046]  (no source info available)
V  [jvm.dll+0x2cd221]  (no source info available)
V  [jvm.dll+0x242ffa]  (no source info available)
V  [jvm.dll+0x2dcc05]  (no source info available)
V  [jvm.dll+0x2dae06]  (no source info available)
V  [jvm.dll+0x49b59e]  (no source info available)
V  [jvm.dll+0x9ab9c8]  (no source info available)
V  [jvm.dll+0x7bb985]  (no source info available)
C  [ucrtbase.dll+0x2cd30]  (no source info available)
C  [KERNEL32.DLL+0x2cd87]  (no source info available)
C  [ntdll.dll+0xacaec]  (no source info available)

Lock stack of current Java thread (top to bottom):


---------------  P R O C E S S  ---------------

Threads class SMR info:
_java_thread_list=0x000001d2624a4100, length=42, elements={
0x000001d23fc512f0, 0x000001d2581326f0, 0x000001d2584c44b0, 0x000001d258133f60,
0x000001d258152fd0, 0x000001d258153b90, 0x000001d258154750, 0x000001d25814da20,
0x000001d2581508a0, 0x000001d258151de0, 0x000001d25865ea40, 0x000001d25863ff20,
0x000001d25863d870, 0x000001d25d0453d0, 0x000001d2587ce610, 0x000001d2587cfe40,
0x000001d2587cc5d0, 0x000001d2587d0650, 0x000001d25f2b4b40, 0x000001d25e37f300,
0x000001d25e7efcc0, 0x000001d25ec13430, 0x000001d25ea85030, 0x000001d25ef08620,
0x000001d25ef095c0, 0x000001d25ec065e0, 0x000001d25ec08520, 0x000001d25ec094c0,
0x000001d25ec05e10, 0x000001d25ec09c90, 0x000001d25ec0a460, 0x000001d25ec0c3a0,
0x000001d26057c320, 0x000001d26057ea30, 0x000001d26057da90, 0x000001d260be5bf0,
0x000001d260be7b30, 0x000001d260be92a0, 0x000001d260be7360, 0x000001d2622d34d0,
0x000001d2622d82f0, 0x000001d2622d8ac0
}

Java Threads: ( => current thread )
  0x000001d23fc512f0 JavaThread "main"                              [_thread_blocked, id=21124, stack(0x0000008e6be00000,0x0000008e6bf00000) (1024K)]
  0x000001d2581326f0 JavaThread "Common-Cleaner"             daemon [_thread_blocked, id=27272, stack(0x0000008e6c600000,0x0000008e6c700000) (1024K)]
  0x000001d2584c44b0 JavaThread "Reference Handler"          daemon [_thread_blocked, id=21792, stack(0x0000008e6c700000,0x0000008e6c800000) (1024K)]
  0x000001d258133f60 JavaThread "Finalizer"                  daemon [_thread_blocked, id=23332, stack(0x0000008e6c800000,0x0000008e6c900000) (1024K)]
  0x000001d258152fd0 JavaThread "Signal Dispatcher"          daemon [_thread_blocked, id=12192, stack(0x0000008e6c900000,0x0000008e6ca00000) (1024K)]
  0x000001d258153b90 JavaThread "Attach Listener"            daemon [_thread_blocked, id=26240, stack(0x0000008e6ca00000,0x0000008e6cb00000) (1024K)]
  0x000001d258154750 JavaThread "Service Thread"             daemon [_thread_blocked, id=27344, stack(0x0000008e6cb00000,0x0000008e6cc00000) (1024K)]
  0x000001d25814da20 JavaThread "Monitor Deflation Thread"   daemon [_thread_blocked, id=20792, stack(0x0000008e6cc00000,0x0000008e6cd00000) (1024K)]
  0x000001d2581508a0 JavaThread "C2 CompilerThread0"         daemon [_thread_blocked, id=20784, stack(0x0000008e6cd00000,0x0000008e6ce00000) (1024K)]
  0x000001d258151de0 JavaThread "C1 CompilerThread0"         daemon [_thread_blocked, id=25436, stack(0x0000008e6ce00000,0x0000008e6cf00000) (1024K)]
  0x000001d25865ea40 JavaThread "C1 CompilerThread1"         daemon [_thread_blocked, id=2856, stack(0x0000008e6cf00000,0x0000008e6d000000) (1024K)]
  0x000001d25863ff20 JavaThread "C1 CompilerThread2"         daemon [_thread_blocked, id=24944, stack(0x0000008e6d000000,0x0000008e6d100000) (1024K)]
  0x000001d25863d870 JavaThread "C1 CompilerThread3"         daemon [_thread_blocked, id=21324, stack(0x0000008e6d100000,0x0000008e6d200000) (1024K)]
  0x000001d25d0453d0 JavaThread "Notification Thread"        daemon [_thread_blocked, id=6060, stack(0x0000008e6d200000,0x0000008e6d300000) (1024K)]
=>0x000001d2587ce610 JavaThread "C2 CompilerThread1"         daemon [_thread_in_native, id=1236, stack(0x0000008e6d300000,0x0000008e6d400000) (1024K)]
  0x000001d2587cfe40 JavaThread "C2 CompilerThread2"         daemon [_thread_blocked, id=7908, stack(0x0000008e6d400000,0x0000008e6d500000) (1024K)]
  0x000001d2587cc5d0 JavaThread "C2 CompilerThread3"         daemon [_thread_in_native, id=7752, stack(0x0000008e6d500000,0x0000008e6d600000) (1024K)]
  0x000001d2587d0650 JavaThread "C2 CompilerThread4"         daemon [_thread_blocked, id=23564, stack(0x0000008e6d600000,0x0000008e6d700000) (1024K)]
  0x000001d25f2b4b40 JavaThread "Daemon health stats"               [_thread_blocked, id=11768, stack(0x0000008e6dc00000,0x0000008e6dd00000) (1024K)]
  0x000001d25e37f300 JavaThread "Incoming local TCP Connector on port 50529"        [_thread_in_native, id=27564, stack(0x0000008e6dd00000,0x0000008e6de00000) (1024K)]
  0x000001d25e7efcc0 JavaThread "Daemon periodic checks"            [_thread_blocked, id=25564, stack(0x0000008e6de00000,0x0000008e6df00000) (1024K)]
  0x000001d25ec13430 JavaThread "Daemon"                            [_thread_blocked, id=13276, stack(0x0000008e6e800000,0x0000008e6e900000) (1024K)]
  0x000001d25ea85030 JavaThread "Handler for socket connection from /127.0.0.1:50529 to /127.0.0.1:50530"        [_thread_in_native, id=1940, stack(0x0000008e6e900000,0x0000008e6ea00000) (1024K)]
  0x000001d25ef08620 JavaThread "Cancel handler"                    [_thread_blocked, id=26500, stack(0x0000008e6ea00000,0x0000008e6eb00000) (1024K)]
  0x000001d25ef095c0 JavaThread "Daemon worker"                     [_thread_blocked, id=26668, stack(0x0000008e6eb00000,0x0000008e6ec00000) (1024K)]
  0x000001d25ec065e0 JavaThread "Asynchronous log dispatcher for DefaultDaemonConnection: socket connection from /127.0.0.1:50529 to /127.0.0.1:50530"        [_thread_blocked, id=24656, stack(0x0000008e6ec00000,0x0000008e6ed00000) (1024K)]
  0x000001d25ec08520 JavaThread "Stdin handler"                     [_thread_blocked, id=5320, stack(0x0000008e6ed00000,0x0000008e6ee00000) (1024K)]
  0x000001d25ec094c0 JavaThread "Daemon client event forwarder"        [_thread_blocked, id=7544, stack(0x0000008e6ee00000,0x0000008e6ef00000) (1024K)]
  0x000001d25ec05e10 JavaThread "Cache worker for journal cache (C:\Users\A S U S\.gradle\caches\journal-1)"        [_thread_blocked, id=25256, stack(0x0000008e6ef00000,0x0000008e6f000000) (1024K)]
  0x000001d25ec09c90 JavaThread "File lock request listener"        [_thread_in_native, id=24252, stack(0x0000008e6f000000,0x0000008e6f100000) (1024K)]
  0x000001d25ec0a460 JavaThread "Cache worker for file hash cache (C:\Users\A S U S\.gradle\caches\9.5.0\fileHashes)"        [_thread_blocked, id=13960, stack(0x0000008e6f100000,0x0000008e6f200000) (1024K)]
  0x000001d25ec0c3a0 JavaThread "Cache worker for file hash cache (D:\ProfilePage\.gradle\9.5.0\fileHashes)"        [_thread_blocked, id=12720, stack(0x0000008e6f200000,0x0000008e6f300000) (1024K)]
  0x000001d26057c320 JavaThread "Cache worker for checksums cache (D:\ProfilePage\.gradle\9.5.0\checksums)"        [_thread_blocked, id=18200, stack(0x0000008e6f300000,0x0000008e6f400000) (1024K)]
  0x000001d26057ea30 JavaThread "Cache worker for Build Output Cleanup Cache (D:\ProfilePage\.gradle\buildOutputCleanup)"        [_thread_blocked, id=21596, stack(0x0000008e6f400000,0x0000008e6f500000) (1024K)]
  0x000001d26057da90 JavaThread "Cache worker for file content cache (C:\Users\A S U S\.gradle\caches\9.5.0\fileContent)"        [_thread_blocked, id=2292, stack(0x0000008e6f500000,0x0000008e6f600000) (1024K)]
  0x000001d260be5bf0 JavaThread "File watcher server"        daemon [_thread_in_native, id=6648, stack(0x0000008e6f600000,0x0000008e6f700000) (1024K)]
  0x000001d260be7b30 JavaThread "File watcher consumer"      daemon [_thread_blocked, id=9420, stack(0x0000008e6f700000,0x0000008e6f800000) (1024K)]
  0x000001d260be92a0 JavaThread "Cache worker for cache directory md-supplier (C:\Users\A S U S\.gradle\caches\9.5.0\md-supplier)"        [_thread_blocked, id=15612, stack(0x0000008e6f800000,0x0000008e6f900000) (1024K)]
  0x000001d260be7360 JavaThread "Cache worker for cache directory md-rule (C:\Users\A S U S\.gradle\caches\9.5.0\md-rule)"        [_thread_blocked, id=16732, stack(0x0000008e6f900000,0x0000008e6fa00000) (1024K)]
  0x000001d2622d34d0 JavaThread "DefaultSharedObjectDecoder reader thread" daemon [_thread_in_vm, id=23068, stack(0x0000008e6fa00000,0x0000008e6fb00000) (1024K)]
  0x000001d2622d82f0 JavaThread "build event listener"              [_thread_blocked, id=15196, stack(0x0000008e6fb00000,0x0000008e6fc00000) (1024K)]
  0x000001d2622d8ac0 JavaThread "build event listener"              [_thread_blocked, id=23340, stack(0x0000008e6fc00000,0x0000008e6fd00000) (1024K)]
Total: 42

Other Threads:
  0x000001d258107630 VMThread "VM Thread"                           [id=24948, stack(0x0000008e6c500000,0x0000008e6c600000) (1024K)]
  0x000001d2580c97f0 WatcherThread "VM Periodic Task Thread"        [id=20884, stack(0x0000008e6c400000,0x0000008e6c500000) (1024K)]
  0x000001d23fcaa6a0 WorkerThread "GC Thread#0"                     [id=17328, stack(0x0000008e6bf00000,0x0000008e6c000000) (1024K)]
  0x000001d25e1353b0 WorkerThread "GC Thread#1"                     [id=4316, stack(0x0000008e6d700000,0x0000008e6d800000) (1024K)]
  0x000001d25e135bf0 WorkerThread "GC Thread#2"                     [id=26880, stack(0x0000008e6d800000,0x0000008e6d900000) (1024K)]
  0x000001d25e136430 WorkerThread "GC Thread#3"                     [id=26424, stack(0x0000008e6d900000,0x0000008e6da00000) (1024K)]
  0x000001d25d824a50 WorkerThread "GC Thread#4"                     [id=24728, stack(0x0000008e6da00000,0x0000008e6db00000) (1024K)]
  0x000001d25d8252f0 WorkerThread "GC Thread#5"                     [id=24432, stack(0x0000008e6db00000,0x0000008e6dc00000) (1024K)]
  0x000001d25e2880f0 WorkerThread "GC Thread#6"                     [id=19716, stack(0x0000008e6df00000,0x0000008e6e000000) (1024K)]
  0x000001d25e2848e0 WorkerThread "GC Thread#7"                     [id=5556, stack(0x0000008e6e000000,0x0000008e6e100000) (1024K)]
  0x000001d25e288990 WorkerThread "GC Thread#8"                     [id=24912, stack(0x0000008e6e100000,0x0000008e6e200000) (1024K)]
  0x000001d25e284d30 WorkerThread "GC Thread#9"                     [id=26908, stack(0x0000008e6e200000,0x0000008e6e300000) (1024K)]
  0x000001d25e288de0 WorkerThread "GC Thread#10"                    [id=23364, stack(0x0000008e6e300000,0x0000008e6e400000) (1024K)]
  0x000001d25e285180 WorkerThread "GC Thread#11"                    [id=22404, stack(0x0000008e6e400000,0x0000008e6e500000) (1024K)]
  0x000001d25e289230 WorkerThread "GC Thread#12"                    [id=24692, stack(0x0000008e6e500000,0x0000008e6e600000) (1024K)]
  0x000001d23fcc3770 ConcurrentGCThread "G1 Main Marker"            [id=25608, stack(0x0000008e6c000000,0x0000008e6c100000) (1024K)]
  0x000001d23fcc5320 WorkerThread "G1 Conc#0"                       [id=25848, stack(0x0000008e6c100000,0x0000008e6c200000) (1024K)]
  0x000001d25e2855d0 WorkerThread "G1 Conc#1"                       [id=18244, stack(0x0000008e6e600000,0x0000008e6e700000) (1024K)]
  0x000001d25e289680 WorkerThread "G1 Conc#2"                       [id=17608, stack(0x0000008e6e700000,0x0000008e6e800000) (1024K)]
  0x000001d257f9ba80 ConcurrentGCThread "G1 Refine#0"               [id=25864, stack(0x0000008e6c200000,0x0000008e6c300000) (1024K)]
  0x000001d257f9c590 ConcurrentGCThread "G1 Service"                [id=26884, stack(0x0000008e6c300000,0x0000008e6c400000) (1024K)]
Total: 21

Threads with active compile tasks:
C2 CompilerThread1  3582 6135       4       org.gradle.internal.serialize.graph.DefaultReadContext::readSmallInt (10 bytes)
C2 CompilerThread3  3582 6158   !   4       java.util.zip.ZipFile$Source::initCEN (641 bytes)
Total: 2

VM state: not at safepoint (normal execution)

VM Mutex/Monitor currently owned by a thread: None

Heap address: 0x0000000080000000, size: 2048 MB, Compressed Oops mode: 32-bit

CDS archive(s) not mapped
Compressed class space mapped at: 0x000000000b000000-0x000000004b000000, reserved size: 1073741824
UseCompressedClassPointers 1, UseCompactObjectHeaders 0
Narrow klass pointer bits 32, Max shift 3
Narrow klass base: 0x0000000000000000, Narrow klass shift: 0
Encoding Range: [0x0000000000000000 - 0x0000000100000000), (4294967296 bytes)
Klass Range:    [0x000000000b000000 - 0x000000004b000000), (1073741824 bytes)
Klass ID Range:  [184549376 - 1258291193) (1073741817)
No protection zone.

GC Precious Log:
 CardTable entry size: 512
 Card Set container configuration: InlinePtr #cards 5 size 8 Array Of Cards #cards 10 size 36 Howl #buckets 4 coarsen threshold 1843 Howl Bitmap #cards 512 size 80 coarsen threshold 460 Card regions per heap region 1 cards per card region 2048
 CPUs: 16 total, 16 available
 Memory: 16002M
 Large Page Support: Disabled
 NUMA Support: Disabled
 Compressed Oops: Enabled (32-bit)
 Heap Region Size: 1M
 Heap Min Capacity: 8M
 Heap Initial Capacity: 252M
 Heap Max Capacity: 2G
 Pre-touch: Disabled
 Parallel Workers: 13
 Concurrent Workers: 3
 Concurrent Refinement Workers: 13
 Periodic GC: Disabled

Heap:
 garbage-first heap   total reserved 2097152K, committed 91136K, used 51538K [0x0000000080000000, 0x0000000100000000)
  region size 1024K, 6 young (6144K), 5 survivors (5120K)

Heap Regions: E=young(eden), S=young(survivor), O=old, HS=humongous(starts), HC=humongous(continues), CS=collection set, F=free, TAMS=top-at-mark-start, PB=parsable bottom
|   0|0x0000000080000000, 0x0000000080100000, 0x0000000080100000|100%|HS|  |TAMS 0x0000000080000000| PB 0x0000000080000000| Complete |  0
|   1|0x0000000080100000, 0x0000000080200000, 0x0000000080200000|100%|HC|  |TAMS 0x0000000080100000| PB 0x0000000080100000| Complete |  0
|   2|0x0000000080200000, 0x0000000080300000, 0x0000000080300000|100%|HC|  |TAMS 0x0000000080200000| PB 0x0000000080200000| Complete |  0
|   3|0x0000000080300000, 0x0000000080400000, 0x0000000080400000|100%|HC|  |TAMS 0x0000000080300000| PB 0x0000000080300000| Complete |  0
|   4|0x0000000080400000, 0x0000000080500000, 0x0000000080500000|100%| O|  |TAMS 0x0000000080400000| PB 0x0000000080400000| Untracked |  0
|   5|0x0000000080500000, 0x0000000080600000, 0x0000000080600000|100%| O|  |TAMS 0x0000000080500000| PB 0x0000000080500000| Untracked |  0
|   6|0x0000000080600000, 0x0000000080700000, 0x0000000080700000|100%|HS|  |TAMS 0x0000000080600000| PB 0x0000000080600000| Complete |  0
|   7|0x0000000080700000, 0x0000000080800000, 0x0000000080800000|100%| O|  |TAMS 0x0000000080700000| PB 0x0000000080700000| Untracked |  0
|   8|0x0000000080800000, 0x0000000080900000, 0x0000000080900000|100%| O|  |TAMS 0x0000000080800000| PB 0x0000000080800000| Untracked |  0
|   9|0x0000000080900000, 0x0000000080a00000, 0x0000000080a00000|100%| O|  |TAMS 0x0000000080900000| PB 0x0000000080900000| Untracked |  0
|  10|0x0000000080a00000, 0x0000000080b00000, 0x0000000080b00000|100%| O|  |TAMS 0x0000000080a00000| PB 0x0000000080a00000| Untracked |  0
|  11|0x0000000080b00000, 0x0000000080c00000, 0x0000000080c00000|100%| O|  |TAMS 0x0000000080b00000| PB 0x0000000080b00000| Untracked |  0
|  12|0x0000000080c00000, 0x0000000080d00000, 0x0000000080d00000|100%| O|  |TAMS 0x0000000080c00000| PB 0x0000000080c00000| Untracked |  0
|  13|0x0000000080d00000, 0x0000000080e00000, 0x0000000080e00000|100%| O|  |TAMS 0x0000000080d00000| PB 0x0000000080d00000| Untracked |  0
|  14|0x0000000080e00000, 0x0000000080f00000, 0x0000000080f00000|100%| O|Cm|TAMS 0x0000000080e00000| PB 0x0000000080e00000| Complete |  0
|  15|0x0000000080f00000, 0x0000000081000000, 0x0000000081000000|100%| O|  |TAMS 0x0000000080f00000| PB 0x0000000080f00000| Untracked |  0
|  16|0x0000000081000000, 0x0000000081100000, 0x0000000081100000|100%| O|  |TAMS 0x0000000081000000| PB 0x0000000081000000| Untracked |  0
|  17|0x0000000081100000, 0x0000000081200000, 0x0000000081200000|100%| O|  |TAMS 0x0000000081100000| PB 0x0000000081100000| Untracked |  0
|  18|0x0000000081200000, 0x0000000081300000, 0x0000000081300000|100%|HS|  |TAMS 0x0000000081200000| PB 0x0000000081200000| Complete |  0
|  19|0x0000000081300000, 0x0000000081400000, 0x0000000081400000|100%|HS|  |TAMS 0x0000000081300000| PB 0x0000000081300000| Complete |  0
|  20|0x0000000081400000, 0x0000000081500000, 0x0000000081500000|100%|HS|  |TAMS 0x0000000081400000| PB 0x0000000081400000| Complete |  0
|  21|0x0000000081500000, 0x0000000081600000, 0x0000000081600000|100%|HS|  |TAMS 0x0000000081500000| PB 0x0000000081500000| Complete |  0
|  22|0x0000000081600000, 0x0000000081700000, 0x0000000081700000|100%|HC|  |TAMS 0x0000000081600000| PB 0x0000000081600000| Complete |  0
|  23|0x0000000081700000, 0x0000000081800000, 0x0000000081800000|100%|HS|  |TAMS 0x0000000081700000| PB 0x0000000081700000| Complete |  0
|  24|0x0000000081800000, 0x0000000081900000, 0x0000000081900000|100%|HS|  |TAMS 0x0000000081800000| PB 0x0000000081800000| Complete |  0
|  25|0x0000000081900000, 0x0000000081a00000, 0x0000000081a00000|100%| O|  |TAMS 0x0000000081900000| PB 0x0000000081900000| Untracked |  0
|  26|0x0000000081a00000, 0x0000000081b00000, 0x0000000081b00000|100%| O|  |TAMS 0x0000000081a00000| PB 0x0000000081a00000| Untracked |  0
|  27|0x0000000081b00000, 0x0000000081c00000, 0x0000000081c00000|100%| O|  |TAMS 0x0000000081b00000| PB 0x0000000081b00000| Untracked |  0
|  28|0x0000000081c00000, 0x0000000081d00000, 0x0000000081d00000|100%|HS|  |TAMS 0x0000000081c00000| PB 0x0000000081c00000| Complete |  0
|  29|0x0000000081d00000, 0x0000000081e00000, 0x0000000081e00000|100%| O|  |TAMS 0x0000000081d00000| PB 0x0000000081d00000| Untracked |  0
|  30|0x0000000081e00000, 0x0000000081eccb80, 0x0000000081f00000| 79%| O|  |TAMS 0x0000000081e00000| PB 0x0000000081e00000| Untracked |  0
|  31|0x0000000081f00000, 0x0000000082000000, 0x0000000082000000|100%|HS|  |TAMS 0x0000000081f00000| PB 0x0000000081f00000| Complete |  0
|  32|0x0000000082000000, 0x0000000082100000, 0x0000000082100000|100%|HC|  |TAMS 0x0000000082000000| PB 0x0000000082000000| Complete |  0
|  33|0x0000000082100000, 0x0000000082200000, 0x0000000082200000|100%| O|  |TAMS 0x0000000082100000| PB 0x0000000082100000| Untracked |  0
|  34|0x0000000082200000, 0x0000000082300000, 0x0000000082300000|100%| O|  |TAMS 0x0000000082200000| PB 0x0000000082200000| Untracked |  0
|  35|0x0000000082300000, 0x0000000082400000, 0x0000000082400000|100%| O|  |TAMS 0x0000000082300000| PB 0x0000000082300000| Untracked |  0
|  36|0x0000000082400000, 0x0000000082400000, 0x0000000082500000|  0%| F|  |TAMS 0x0000000082400000| PB 0x0000000082400000| Untracked |  0
|  37|0x0000000082500000, 0x0000000082500000, 0x0000000082600000|  0%| F|  |TAMS 0x0000000082500000| PB 0x0000000082500000| Untracked |  0
|  38|0x0000000082600000, 0x0000000082600000, 0x0000000082700000|  0%| F|  |TAMS 0x0000000082600000| PB 0x0000000082600000| Untracked |  0
|  39|0x0000000082700000, 0x0000000082800000, 0x0000000082800000|100%| O|  |TAMS 0x0000000082700000| PB 0x0000000082700000| Untracked |  0
|  40|0x0000000082800000, 0x0000000082900000, 0x0000000082900000|100%| O|  |TAMS 0x0000000082800000| PB 0x0000000082800000| Untracked |  0
|  41|0x0000000082900000, 0x0000000082988020, 0x0000000082a00000| 53%| S|CS|TAMS 0x0000000082900000| PB 0x0000000082900000| Complete |  0
|  42|0x0000000082a00000, 0x0000000082b00000, 0x0000000082b00000|100%| S|CS|TAMS 0x0000000082a00000| PB 0x0000000082a00000| Complete |  0
|  43|0x0000000082b00000, 0x0000000082b00000, 0x0000000082c00000|  0%| F|  |TAMS 0x0000000082b00000| PB 0x0000000082b00000| Untracked |  0
|  44|0x0000000082c00000, 0x0000000082c00000, 0x0000000082d00000|  0%| F|  |TAMS 0x0000000082c00000| PB 0x0000000082c00000| Untracked |  0
|  45|0x0000000082d00000, 0x0000000082e00000, 0x0000000082e00000|100%| S|CS|TAMS 0x0000000082d00000| PB 0x0000000082d00000| Complete |  0
|  46|0x0000000082e00000, 0x0000000082f00000, 0x0000000082f00000|100%| S|CS|TAMS 0x0000000082e00000| PB 0x0000000082e00000| Complete |  0
|  47|0x0000000082f00000, 0x0000000083000000, 0x0000000083000000|100%| S|CS|TAMS 0x0000000082f00000| PB 0x0000000082f00000| Complete |  0
|  48|0x0000000083000000, 0x0000000083000000, 0x0000000083100000|  0%| F|  |TAMS 0x0000000083000000| PB 0x0000000083000000| Untracked |  0
|  49|0x0000000083100000, 0x0000000083100000, 0x0000000083200000|  0%| F|  |TAMS 0x0000000083100000| PB 0x0000000083100000| Untracked |  0
|  50|0x0000000083200000, 0x0000000083200000, 0x0000000083300000|  0%| F|  |TAMS 0x0000000083200000| PB 0x0000000083200000| Untracked |  0
|  51|0x0000000083300000, 0x0000000083300000, 0x0000000083400000|  0%| F|  |TAMS 0x0000000083300000| PB 0x0000000083300000| Untracked |  0
|  52|0x0000000083400000, 0x0000000083400000, 0x0000000083500000|  0%| F|  |TAMS 0x0000000083400000| PB 0x0000000083400000| Untracked |  0
|  53|0x0000000083500000, 0x0000000083500000, 0x0000000083600000|  0%| F|  |TAMS 0x0000000083500000| PB 0x0000000083500000| Untracked |  0
|  54|0x0000000083600000, 0x0000000083600000, 0x0000000083700000|  0%| F|  |TAMS 0x0000000083600000| PB 0x0000000083600000| Untracked |  0
|  55|0x0000000083700000, 0x0000000083700000, 0x0000000083800000|  0%| F|  |TAMS 0x0000000083700000| PB 0x0000000083700000| Untracked |  0
|  56|0x0000000083800000, 0x0000000083800000, 0x0000000083900000|  0%| F|  |TAMS 0x0000000083800000| PB 0x0000000083800000| Untracked |  0
|  57|0x0000000083900000, 0x0000000083900000, 0x0000000083a00000|  0%| F|  |TAMS 0x0000000083900000| PB 0x0000000083900000| Untracked |  0
|  58|0x0000000083a00000, 0x0000000083a00000, 0x0000000083b00000|  0%| F|  |TAMS 0x0000000083a00000| PB 0x0000000083a00000| Untracked |  0
|  59|0x0000000083b00000, 0x0000000083b00000, 0x0000000083c00000|  0%| F|  |TAMS 0x0000000083b00000| PB 0x0000000083b00000| Untracked |  0
|  60|0x0000000083c00000, 0x0000000083c00000, 0x0000000083d00000|  0%| F|  |TAMS 0x0000000083c00000| PB 0x0000000083c00000| Untracked |  0
|  61|0x0000000083d00000, 0x0000000083d00000, 0x0000000083e00000|  0%| F|  |TAMS 0x0000000083d00000| PB 0x0000000083d00000| Untracked |  0
|  62|0x0000000083e00000, 0x0000000083e00000, 0x0000000083f00000|  0%| F|  |TAMS 0x0000000083e00000| PB 0x0000000083e00000| Untracked |  0
|  63|0x0000000083f00000, 0x0000000083f00000, 0x0000000084000000|  0%| F|  |TAMS 0x0000000083f00000| PB 0x0000000083f00000| Untracked |  0
|  64|0x0000000084000000, 0x0000000084000000, 0x0000000084100000|  0%| F|  |TAMS 0x0000000084000000| PB 0x0000000084000000| Untracked |  0
|  65|0x0000000084100000, 0x0000000084100000, 0x0000000084200000|  0%| F|  |TAMS 0x0000000084100000| PB 0x0000000084100000| Untracked |  0
|  66|0x0000000084200000, 0x0000000084200000, 0x0000000084300000|  0%| F|  |TAMS 0x0000000084200000| PB 0x0000000084200000| Untracked |  0
| 172|0x000000008ac00000, 0x000000008ac00000, 0x000000008ad00000|  0%| F|  |TAMS 0x000000008ac00000| PB 0x000000008ac00000| Untracked |  0
| 173|0x000000008ad00000, 0x000000008ad00000, 0x000000008ae00000|  0%| F|  |TAMS 0x000000008ad00000| PB 0x000000008ad00000| Untracked |  0
| 174|0x000000008ae00000, 0x000000008ae00000, 0x000000008af00000|  0%| F|  |TAMS 0x000000008ae00000| PB 0x000000008ae00000| Untracked |  0
| 175|0x000000008af00000, 0x000000008af00000, 0x000000008b000000|  0%| F|  |TAMS 0x000000008af00000| PB 0x000000008af00000| Untracked |  0
| 176|0x000000008b000000, 0x000000008b000000, 0x000000008b100000|  0%| F|  |TAMS 0x000000008b000000| PB 0x000000008b000000| Untracked |  0
| 177|0x000000008b100000, 0x000000008b100000, 0x000000008b200000|  0%| F|  |TAMS 0x000000008b100000| PB 0x000000008b100000| Untracked |  0
| 178|0x000000008b200000, 0x000000008b200000, 0x000000008b300000|  0%| F|  |TAMS 0x000000008b200000| PB 0x000000008b200000| Untracked |  0
| 179|0x000000008b300000, 0x000000008b300000, 0x000000008b400000|  0%| F|  |TAMS 0x000000008b300000| PB 0x000000008b300000| Untracked |  0
| 180|0x000000008b400000, 0x000000008b400000, 0x000000008b500000|  0%| F|  |TAMS 0x000000008b400000| PB 0x000000008b400000| Untracked |  0
| 181|0x000000008b500000, 0x000000008b500000, 0x000000008b600000|  0%| F|  |TAMS 0x000000008b500000| PB 0x000000008b500000| Untracked |  0
| 182|0x000000008b600000, 0x000000008b600000, 0x000000008b700000|  0%| F|  |TAMS 0x000000008b600000| PB 0x000000008b600000| Untracked |  0
| 183|0x000000008b700000, 0x000000008b700000, 0x000000008b800000|  0%| F|  |TAMS 0x000000008b700000| PB 0x000000008b700000| Untracked |  0
| 184|0x000000008b800000, 0x000000008b800000, 0x000000008b900000|  0%| F|  |TAMS 0x000000008b800000| PB 0x000000008b800000| Untracked |  0
| 251|0x000000008fb00000, 0x000000008fb77fe0, 0x000000008fc00000| 46%| E|  |TAMS 0x000000008fb00000| PB 0x000000008fb00000| Complete |  0
|2040|0x00000000ff800000, 0x00000000ff900000, 0x00000000ff900000|100%| O|  |TAMS 0x00000000ff800000| PB 0x00000000ff800000| Untracked |  0
|2041|0x00000000ff900000, 0x00000000ffa00000, 0x00000000ffa00000|100%| O|  |TAMS 0x00000000ff900000| PB 0x00000000ff900000| Untracked |  0
|2042|0x00000000ffa00000, 0x00000000ffb00000, 0x00000000ffb00000|100%| O|  |TAMS 0x00000000ffa00000| PB 0x00000000ffa00000| Untracked |  0
|2043|0x00000000ffb00000, 0x00000000ffc00000, 0x00000000ffc00000|100%| O|  |TAMS 0x00000000ffb00000| PB 0x00000000ffb00000| Untracked |  0
|2044|0x00000000ffc00000, 0x00000000ffd00000, 0x00000000ffd00000|100%| O|  |TAMS 0x00000000ffc00000| PB 0x00000000ffc00000| Untracked |  0
|2045|0x00000000ffd00000, 0x00000000ffe00000, 0x00000000ffe00000|100%| O|  |TAMS 0x00000000ffd00000| PB 0x00000000ffd00000| Untracked |  0
|2046|0x00000000ffe00000, 0x00000000fff00000, 0x00000000fff00000|100%| O|  |TAMS 0x00000000ffe00000| PB 0x00000000ffe00000| Untracked |  0
|2047|0x00000000fff00000, 0x0000000100000000, 0x0000000100000000|100%| O|  |TAMS 0x00000000fff00000| PB 0x00000000fff00000| Untracked |  0

Card table byte_map: [0x000001d252ed0000,0x000001d2532d0000] _byte_map_base: 0x000001d252ad0000

Marking Bits: (CMBitMap*) 0x000001d23fcaae30
 Bits: [0x000001d2532d0000, 0x000001d2552d0000)

Polling page: 0x000001d23da70000

Metaspace:
Metaspace        used 57865K, committed 59264K, reserved 1114112K
 class space     used 8225K, committed 8896K, reserved 1048576K

Usage:
  Non-class:     48.48 MB used.
      Class:      8.03 MB used.
       Both:     56.51 MB used.

Virtual space:
  Non-class space:       64.00 MB reserved,      49.25 MB ( 77%) committed,  1 nodes.
      Class space:        1.00 GB reserved,       8.69 MB ( <1%) committed,  1 nodes.
             Both:        1.06 GB reserved,      57.94 MB (  5%) committed. 

Chunk freelists:
   Non-Class:  14.55 MB
       Class:  7.19 MB
        Both:  21.73 MB

MaxMetaspaceSize: unlimited
CompressedClassSpaceSize: 1.00 GB
Initial GC threshold: 21.00 MB
Current GC threshold: 89.62 MB
CDS: off
 - commit_granule_bytes: 65536.
 - commit_granule_words: 8192.
 - virtual_space_node_default_size: 8388608.
 - enlarge_chunks_in_place: 1.
UseCompressedClassPointers 1, UseCompactObjectHeaders 0
Narrow klass pointer bits 32, Max shift 3
Narrow klass base: 0x0000000000000000, Narrow klass shift: 0
Encoding Range: [0x0000000000000000 - 0x0000000100000000), (4294967296 bytes)
Klass Range:    [0x000000000b000000 - 0x000000004b000000), (1073741824 bytes)
Klass ID Range:  [184549376 - 1258291193) (1073741817)
No protection zone.


Internal statistics:

num_allocs_failed_limit: 6.
num_arena_births: 2798.
num_arena_deaths: 0.
num_vsnodes_births: 2.
num_vsnodes_deaths: 0.
num_space_committed: 927.
num_space_uncommitted: 0.
num_chunks_returned_to_freelist: 6.
num_chunks_taken_from_freelist: 5033.
num_chunk_merges: 3.
num_chunk_splits: 3260.
num_chunks_enlarged: 2015.
num_inconsistent_stats: 0.

CodeHeap 'non-profiled nmethods': size=119232Kb used=2418Kb max_used=2418Kb free=116813Kb
 bounds [0x000001d24acd0000, 0x000001d24af40000, 0x000001d252140000]
CodeHeap 'profiled nmethods': size=119104Kb used=8364Kb max_used=8364Kb free=110739Kb
 bounds [0x000001d243140000, 0x000001d243970000, 0x000001d24a590000]
CodeHeap 'non-nmethods': size=7424Kb used=3577Kb max_used=3617Kb free=3846Kb
 bounds [0x000001d24a590000, 0x000001d24a930000, 0x000001d24acd0000]
CodeCache: size=245760Kb, used=14359Kb, max_used=14399Kb, free=231398Kb
 total_blobs=6298, nmethods=5544, adapters=652, full_count=0
Compilation: enabled, stopped_count=0, restarted_count=0

Compilation events (20 events):
Event: 3.453 Thread 0x000001d25863d870 nmethod 6132 0x000001d24395b188 code [0x000001d24395b280, 0x000001d24395be70]
Event: 3.459 Thread 0x000001d2587ce610 6135       4       org.gradle.internal.serialize.graph.DefaultReadContext::readSmallInt (10 bytes)
Event: 3.464 Thread 0x000001d25863ff20 6136       3       com.google.common.collect.MapMakerInternalMap$StrongKeyWeakValueEntry$Helper::newEntry (30 bytes)
Event: 3.464 Thread 0x000001d258151de0 6137       3       com.google.common.collect.MapMakerInternalMap$StrongKeyWeakValueEntry::<init> (7 bytes)
Event: 3.464 Thread 0x000001d25863d870 6138       3       com.google.common.collect.MapMakerInternalMap$StrongKeyWeakValueEntry::<init> (14 bytes)
Event: 3.464 Thread 0x000001d25865ea40 6139       3       com.google.common.collect.MapMakerInternalMap$AbstractStrongKeyEntry::<init> (15 bytes)
Event: 3.464 Thread 0x000001d25865ea40 nmethod 6139 0x000001d24395bf08 code [0x000001d24395c000, 0x000001d24395c1b8]
Event: 3.464 Thread 0x000001d25863d870 nmethod 6138 0x000001d24395c208 code [0x000001d24395c300, 0x000001d24395c5e8]
Event: 3.464 Thread 0x000001d25863d870 6140       3       com.google.common.collect.MapMakerInternalMap::unsetWeakValueReference (4 bytes)
Event: 3.464 Thread 0x000001d258151de0 nmethod 6137 0x000001d24395c608 code [0x000001d24395c700, 0x000001d24395ca48]
Event: 3.464 Thread 0x000001d258151de0 6141       3       com.google.common.collect.MapMakerInternalMap$WeakValueReferenceImpl::<init> (12 bytes)
Event: 3.464 Thread 0x000001d25865ea40 6142       3       com.google.common.collect.MapMakerInternalMap$StrongKeyWeakValueEntry::access$402 (7 bytes)
Event: 3.464 Thread 0x000001d25863ff20 nmethod 6136 0x000001d24395ca88 code [0x000001d24395cb80, 0x000001d24395d388]
Event: 3.464 Thread 0x000001d25863d870 nmethod 6140 0x000001d24395d408 code [0x000001d24395d500, 0x000001d24395d5f0]
Event: 3.464 Thread 0x000001d25865ea40 nmethod 6142 0x000001d24395d708 code [0x000001d24395d800, 0x000001d24395d948]
Event: 3.464 Thread 0x000001d258151de0 nmethod 6141 0x000001d24395da08 code [0x000001d24395db00, 0x000001d24395de80]
Event: 3.464 Thread 0x000001d2587d0650 6143       4       java.lang.ThreadLocal::get (8 bytes)
Event: 3.465 Thread 0x000001d258151de0 6144       1       org.gradle.internal.classloader.JarCompat::getJarFile (5 bytes)
Event: 3.465 Thread 0x000001d258151de0 nmethod 6144 0x000001d24af2ab08 code [0x000001d24af2ac00, 0x000001d24af2acc8]
Event: 3.465 Thread 0x000001d2587cc5d0 6145       4       java.lang.String::indexOf (18 bytes)

GC Heap Usage History (18 events):
Event: 0.593 {heap Before GC invocations=0 (full 0):
 garbage-first heap   total reserved 2097152K, committed 258048K, used 51200K [0x0000000080000000, 0x0000000100000000)
  region size 1024K, 47 young (48128K), 0 survivors (0K)
}
Event: 0.596 {heap After GC invocations=1 (full 0):
 garbage-first heap   total reserved 2097152K, committed 258048K, used 12224K [0x0000000080000000, 0x0000000100000000)
  region size 1024K, 6 young (6144K), 6 survivors (6144K)
}
Event: 1.038 {heap Before GC invocations=1 (full 0):
 garbage-first heap   total reserved 2097152K, committed 258048K, used 75712K [0x0000000080000000, 0x0000000100000000)
  region size 1024K, 67 young (68608K), 6 survivors (6144K)
}
Event: 1.044 {heap After GC invocations=2 (full 0):
 garbage-first heap   total reserved 2097152K, committed 258048K, used 20619K [0x0000000080000000, 0x0000000100000000)
  region size 1024K, 13 young (13312K), 13 survivors (13312K)
}
Event: 1.507 {heap Before GC invocations=3 (full 0):
 garbage-first heap   total reserved 2097152K, committed 71680K, used 70795K [0x0000000080000000, 0x0000000100000000)
  region size 1024K, 62 young (63488K), 13 survivors (13312K)
}
Event: 1.514 {heap After GC invocations=4 (full 0):
 garbage-first heap   total reserved 2097152K, committed 89088K, used 23356K [0x0000000080000000, 0x0000000100000000)
  region size 1024K, 11 young (11264K), 11 survivors (11264K)
}
Event: 1.816 {heap Before GC invocations=4 (full 0):
 garbage-first heap   total reserved 2097152K, committed 89088K, used 61244K [0x0000000080000000, 0x0000000100000000)
  region size 1024K, 49 young (50176K), 11 survivors (11264K)
}
Event: 1.819 {heap After GC invocations=5 (full 0):
 garbage-first heap   total reserved 2097152K, committed 89088K, used 25826K [0x0000000080000000, 0x0000000100000000)
  region size 1024K, 6 young (6144K), 6 survivors (6144K)
}
Event: 1.863 {heap Before GC invocations=5 (full 0):
 garbage-first heap   total reserved 2097152K, committed 89088K, used 31970K [0x0000000080000000, 0x0000000100000000)
  region size 1024K, 13 young (13312K), 6 survivors (6144K)
}
Event: 1.865 {heap After GC invocations=6 (full 0):
 garbage-first heap   total reserved 2097152K, committed 89088K, used 26371K [0x0000000080000000, 0x0000000100000000)
  region size 1024K, 4 young (4096K), 4 survivors (4096K)
}
Event: 2.169 {heap Before GC invocations=7 (full 0):
 garbage-first heap   total reserved 2097152K, committed 89088K, used 69379K [0x0000000080000000, 0x0000000100000000)
  region size 1024K, 45 young (46080K), 4 survivors (4096K)
}
Event: 2.171 {heap After GC invocations=8 (full 0):
 garbage-first heap   total reserved 2097152K, committed 89088K, used 28091K [0x0000000080000000, 0x0000000100000000)
  region size 1024K, 5 young (5120K), 5 survivors (5120K)
}
Event: 2.626 {heap Before GC invocations=8 (full 0):
 garbage-first heap   total reserved 2097152K, committed 89088K, used 77243K [0x0000000080000000, 0x0000000100000000)
  region size 1024K, 47 young (48128K), 5 survivors (5120K)
}
Event: 2.630 {heap After GC invocations=9 (full 0):
 garbage-first heap   total reserved 2097152K, committed 91136K, used 41265K [0x0000000080000000, 0x0000000100000000)
  region size 1024K, 6 young (6144K), 6 survivors (6144K)
}
Event: 2.959 {heap Before GC invocations=9 (full 0):
 garbage-first heap   total reserved 2097152K, committed 91136K, used 77105K [0x0000000080000000, 0x0000000100000000)
  region size 1024K, 39 young (39936K), 6 survivors (6144K)
}
Event: 2.962 {heap After GC invocations=10 (full 0):
 garbage-first heap   total reserved 2097152K, committed 91136K, used 46387K [0x0000000080000000, 0x0000000100000000)
  region size 1024K, 3 young (3072K), 3 survivors (3072K)
}
Event: 3.203 {heap Before GC invocations=10 (full 0):
 garbage-first heap   total reserved 2097152K, committed 91136K, used 78131K [0x0000000080000000, 0x0000000100000000)
  region size 1024K, 34 young (34816K), 3 survivors (3072K)
}
Event: 3.205 {heap After GC invocations=11 (full 0):
 garbage-first heap   total reserved 2097152K, committed 91136K, used 47567K [0x0000000080000000, 0x0000000100000000)
  region size 1024K, 4 young (4096K), 4 survivors (4096K)
}

Metaspace Usage History (18 events):
Event: 0.593 {metaspace Before GC invocations=0 (full 0):
 Metaspace       used 13260K, committed 13376K, reserved 1114112K
  class space    used 1498K, committed 1536K, reserved 1048576K
}
Event: 0.596 {metaspace After GC invocations=1 (full 0):
 Metaspace       used 13260K, committed 13376K, reserved 1114112K
  class space    used 1498K, committed 1536K, reserved 1048576K
}
Event: 1.038 {metaspace Before GC invocations=1 (full 0):
 Metaspace       used 21249K, committed 21504K, reserved 1114112K
  class space    used 2544K, committed 2688K, reserved 1048576K
}
Event: 1.044 {metaspace After GC invocations=2 (full 0):
 Metaspace       used 21249K, committed 21504K, reserved 1114112K
  class space    used 2544K, committed 2688K, reserved 1048576K
}
Event: 1.507 {metaspace Before GC invocations=3 (full 0):
 Metaspace       used 29496K, committed 30016K, reserved 1114112K
  class space    used 3887K, committed 4096K, reserved 1048576K
}
Event: 1.514 {metaspace After GC invocations=4 (full 0):
 Metaspace       used 29496K, committed 30016K, reserved 1114112K
  class space    used 3887K, committed 4096K, reserved 1048576K
}
Event: 1.816 {metaspace Before GC invocations=4 (full 0):
 Metaspace       used 34587K, committed 35328K, reserved 1114112K
  class space    used 4788K, committed 5120K, reserved 1048576K
}
Event: 1.819 {metaspace After GC invocations=5 (full 0):
 Metaspace       used 34587K, committed 35328K, reserved 1114112K
  class space    used 4788K, committed 5120K, reserved 1048576K
}
Event: 1.863 {metaspace Before GC invocations=5 (full 0):
 Metaspace       used 35310K, committed 35968K, reserved 1114112K
  class space    used 4943K, committed 5248K, reserved 1048576K
}
Event: 1.865 {metaspace After GC invocations=6 (full 0):
 Metaspace       used 35310K, committed 35968K, reserved 1114112K
  class space    used 4943K, committed 5248K, reserved 1048576K
}
Event: 2.169 {metaspace Before GC invocations=7 (full 0):
 Metaspace       used 41121K, committed 42176K, reserved 1114112K
  class space    used 5724K, committed 6208K, reserved 1048576K
}
Event: 2.171 {metaspace After GC invocations=8 (full 0):
 Metaspace       used 41121K, committed 42176K, reserved 1114112K
  class space    used 5724K, committed 6208K, reserved 1048576K
}
Event: 2.627 {metaspace Before GC invocations=8 (full 0):
 Metaspace       used 46315K, committed 47488K, reserved 1114112K
  class space    used 6463K, committed 6976K, reserved 1048576K
}
Event: 2.630 {metaspace After GC invocations=9 (full 0):
 Metaspace       used 46315K, committed 47488K, reserved 1114112K
  class space    used 6463K, committed 6976K, reserved 1048576K
}
Event: 2.959 {metaspace Before GC invocations=9 (full 0):
 Metaspace       used 50112K, committed 51392K, reserved 1114112K
  class space    used 7086K, committed 7680K, reserved 1048576K
}
Event: 2.962 {metaspace After GC invocations=10 (full 0):
 Metaspace       used 50112K, committed 51392K, reserved 1114112K
  class space    used 7086K, committed 7680K, reserved 1048576K
}
Event: 3.203 {metaspace Before GC invocations=10 (full 0):
 Metaspace       used 53361K, committed 54784K, reserved 1114112K
  class space    used 7676K, committed 8320K, reserved 1048576K
}
Event: 3.205 {metaspace After GC invocations=11 (full 0):
 Metaspace       used 53361K, committed 54784K, reserved 1114112K
  class space    used 7676K, committed 8320K, reserved 1048576K
}

Dll operation events (3 events):
Event: 0.006 Loaded shared library C:\Program Files\Android\Android Studio\jbr\bin\java.dll
Event: 0.010 Loaded shared library C:\Program Files\Android\Android Studio\jbr\bin\zip.dll
Event: 0.362 Loaded shared library C:\Program Files\Android\Android Studio\jbr\bin\verify.dll

Deoptimization events (20 events):
Event: 3.371 Thread 0x000001d25ef095c0 Uncommon trap: trap_request=0xffffffbe fr.pc=0x000001d24ad83ca8 relative=0x0000000000000228
Event: 3.371 Thread 0x000001d25ef095c0 Uncommon trap: reason=profile_predicate action=maybe_recompile pc=0x000001d24ad83ca8 method=java.util.stream.ReferencePipeline.forEachWithCancel(Ljava/util/Spliterator;Ljava/util/stream/Sink;)Z @ 8 c2
Event: 3.371 Thread 0x000001d25ef095c0 DEOPT PACKING pc=0x000001d24ad83ca8 sp=0x0000008e6ebf7a10
Event: 3.371 Thread 0x000001d25ef095c0 DEOPT UNPACKING pc=0x000001d24a6a8582 sp=0x0000008e6ebf79b0 mode 2
Event: 3.371 Thread 0x000001d25ef095c0 Uncommon trap: trap_request=0xffffffbe fr.pc=0x000001d24ad83ca8 relative=0x0000000000000228
Event: 3.371 Thread 0x000001d25ef095c0 Uncommon trap: reason=profile_predicate action=maybe_recompile pc=0x000001d24ad83ca8 method=java.util.stream.ReferencePipeline.forEachWithCancel(Ljava/util/Spliterator;Ljava/util/stream/Sink;)Z @ 8 c2
Event: 3.371 Thread 0x000001d25ef095c0 DEOPT PACKING pc=0x000001d24ad83ca8 sp=0x0000008e6ebf7710
Event: 3.371 Thread 0x000001d25ef095c0 DEOPT UNPACKING pc=0x000001d24a6a8582 sp=0x0000008e6ebf76b0 mode 2
Event: 3.374 Thread 0x000001d25ef095c0 Uncommon trap: trap_request=0xffffffbe fr.pc=0x000001d24ad83ca8 relative=0x0000000000000228
Event: 3.374 Thread 0x000001d25ef095c0 Uncommon trap: reason=profile_predicate action=maybe_recompile pc=0x000001d24ad83ca8 method=java.util.stream.ReferencePipeline.forEachWithCancel(Ljava/util/Spliterator;Ljava/util/stream/Sink;)Z @ 8 c2
Event: 3.374 Thread 0x000001d25ef095c0 DEOPT PACKING pc=0x000001d24ad83ca8 sp=0x0000008e6ebf7610
Event: 3.374 Thread 0x000001d25ef095c0 DEOPT UNPACKING pc=0x000001d24a6a8582 sp=0x0000008e6ebf75b0 mode 2
Event: 3.407 Thread 0x000001d2622d34d0 Uncommon trap: trap_request=0xffffff45 fr.pc=0x000001d24aec7600 relative=0x0000000000000100
Event: 3.407 Thread 0x000001d2622d34d0 Uncommon trap: reason=unstable_if action=reinterpret pc=0x000001d24aec7600 method=org.objectweb.asm.ByteVector.putShort(I)Lorg/objectweb/asm/ByteVector; @ 13 c2
Event: 3.407 Thread 0x000001d2622d34d0 DEOPT PACKING pc=0x000001d24aec7600 sp=0x0000008e6fafdb80
Event: 3.407 Thread 0x000001d2622d34d0 DEOPT UNPACKING pc=0x000001d24a6a8582 sp=0x0000008e6fafdb18 mode 2
Event: 3.427 Thread 0x000001d2622d34d0 Uncommon trap: trap_request=0xffffff5e fr.pc=0x000001d24aebb278 relative=0x0000000000003ff8
Event: 3.427 Thread 0x000001d2622d34d0 Uncommon trap: reason=speculate_class_check action=maybe_recompile pc=0x000001d24aebb278 method=java.lang.Thread.isVirtual()Z @ 1 c2
Event: 3.427 Thread 0x000001d2622d34d0 DEOPT PACKING pc=0x000001d24aebb278 sp=0x0000008e6faf9010
Event: 3.427 Thread 0x000001d2622d34d0 DEOPT UNPACKING pc=0x000001d24a6a8582 sp=0x0000008e6faf8c60 mode 2

Classes loaded (20 events):
Event: 3.327 Loading class java/util/Hashtable$EntrySet
Event: 3.327 Loading class java/util/Hashtable$EntrySet done
Event: 3.330 Loading class java/util/concurrent/locks/ReentrantReadWriteLock
Event: 3.330 Loading class java/util/concurrent/locks/ReadWriteLock
Event: 3.330 Loading class java/util/concurrent/locks/ReadWriteLock done
Event: 3.331 Loading class java/util/concurrent/locks/ReentrantReadWriteLock done
Event: 3.333 Loading class java/util/EventObject
Event: 3.333 Loading class java/util/EventObject done
Event: 3.334 Loading class java/util/concurrent/locks/ReentrantReadWriteLock$NonfairSync
Event: 3.334 Loading class java/util/concurrent/locks/ReentrantReadWriteLock$Sync
Event: 3.334 Loading class java/util/concurrent/locks/AbstractQueuedLongSynchronizer
Event: 3.334 Loading class java/util/concurrent/locks/AbstractQueuedLongSynchronizer done
Event: 3.334 Loading class java/util/concurrent/locks/ReentrantReadWriteLock$Sync done
Event: 3.334 Loading class java/util/concurrent/locks/ReentrantReadWriteLock$NonfairSync done
Event: 3.334 Loading class java/util/concurrent/locks/ReentrantReadWriteLock$Sync$ThreadLocalHoldCounter
Event: 3.334 Loading class java/util/concurrent/locks/ReentrantReadWriteLock$Sync$ThreadLocalHoldCounter done
Event: 3.334 Loading class java/util/concurrent/locks/ReentrantReadWriteLock$ReadLock
Event: 3.334 Loading class java/util/concurrent/locks/ReentrantReadWriteLock$ReadLock done
Event: 3.335 Loading class java/util/concurrent/locks/ReentrantReadWriteLock$WriteLock
Event: 3.335 Loading class java/util/concurrent/locks/ReentrantReadWriteLock$WriteLock done

Classes unloaded (0 events):
No events

Classes redefined (0 events):
No events

Internal exceptions (20 events):
Event: 3.458 Thread 0x000001d2622d34d0 Exception <a 'sun/nio/fs/WindowsException'{0x000000008350a648}> (0x000000008350a648) 
thrown [s\src\hotspot\share\prims\jni.cpp, line 535]
Event: 3.459 Thread 0x000001d2622d34d0 Exception <a 'sun/nio/fs/WindowsException'{0x0000000083514e28}> (0x0000000083514e28) 
thrown [s\src\hotspot\share\prims\jni.cpp, line 535]
Event: 3.460 Thread 0x000001d2622d34d0 Exception <a 'sun/nio/fs/WindowsException'{0x000000008351dc38}> (0x000000008351dc38) 
thrown [s\src\hotspot\share\prims\jni.cpp, line 535]
Event: 3.460 Thread 0x000001d2622d34d0 Exception <a 'sun/nio/fs/WindowsException'{0x000000008352df48}> (0x000000008352df48) 
thrown [s\src\hotspot\share\prims\jni.cpp, line 535]
Event: 3.460 Thread 0x000001d2622d34d0 Exception <a 'sun/nio/fs/WindowsException'{0x0000000083537500}> (0x0000000083537500) 
thrown [s\src\hotspot\share\prims\jni.cpp, line 535]
Event: 3.461 Thread 0x000001d2622d34d0 Exception <a 'sun/nio/fs/WindowsException'{0x0000000083540bd8}> (0x0000000083540bd8) 
thrown [s\src\hotspot\share\prims\jni.cpp, line 535]
Event: 3.461 Thread 0x000001d2622d34d0 Exception <a 'sun/nio/fs/WindowsException'{0x000000008354a420}> (0x000000008354a420) 
thrown [s\src\hotspot\share\prims\jni.cpp, line 535]
Event: 3.461 Thread 0x000001d2622d34d0 Exception <a 'sun/nio/fs/WindowsException'{0x0000000083553c28}> (0x0000000083553c28) 
thrown [s\src\hotspot\share\prims\jni.cpp, line 535]
Event: 3.462 Thread 0x000001d2622d34d0 Exception <a 'sun/nio/fs/WindowsException'{0x000000008355d428}> (0x000000008355d428) 
thrown [s\src\hotspot\share\prims\jni.cpp, line 535]
Event: 3.462 Thread 0x000001d2622d34d0 Exception <a 'sun/nio/fs/WindowsException'{0x0000000083565e50}> (0x0000000083565e50) 
thrown [s\src\hotspot\share\prims\jni.cpp, line 535]
Event: 3.462 Thread 0x000001d2622d34d0 Exception <a 'sun/nio/fs/WindowsException'{0x000000008356f5a8}> (0x000000008356f5a8) 
thrown [s\src\hotspot\share\prims\jni.cpp, line 535]
Event: 3.463 Thread 0x000001d2622d34d0 Exception <a 'sun/nio/fs/WindowsException'{0x0000000083577bc8}> (0x0000000083577bc8) 
thrown [s\src\hotspot\share\prims\jni.cpp, line 535]
Event: 3.463 Thread 0x000001d2622d34d0 Exception <a 'sun/nio/fs/WindowsException'{0x000000008358c808}> (0x000000008358c808) 
thrown [s\src\hotspot\share\prims\jni.cpp, line 535]
Event: 3.463 Thread 0x000001d2622d34d0 Exception <a 'sun/nio/fs/WindowsException'{0x0000000083595f90}> (0x0000000083595f90) 
thrown [s\src\hotspot\share\prims\jni.cpp, line 535]
Event: 3.464 Thread 0x000001d2622d34d0 Exception <a 'sun/nio/fs/WindowsException'{0x000000008359ea30}> (0x000000008359ea30) 
thrown [s\src\hotspot\share\prims\jni.cpp, line 535]
Event: 3.464 Thread 0x000001d2622d34d0 Exception <a 'sun/nio/fs/WindowsException'{0x00000000835a7a90}> (0x00000000835a7a90) 
thrown [s\src\hotspot\share\prims\jni.cpp, line 535]
Event: 3.464 Thread 0x000001d2622d34d0 Exception <a 'sun/nio/fs/WindowsException'{0x00000000835b10d8}> (0x00000000835b10d8) 
thrown [s\src\hotspot\share\prims\jni.cpp, line 535]
Event: 3.465 Thread 0x000001d2622d34d0 Exception <a 'sun/nio/fs/WindowsException'{0x00000000835ba788}> (0x00000000835ba788) 
thrown [s\src\hotspot\share\prims\jni.cpp, line 535]
Event: 3.465 Thread 0x000001d2622d34d0 Exception <a 'sun/nio/fs/WindowsException'{0x00000000835c3690}> (0x00000000835c3690) 
thrown [s\src\hotspot\share\prims\jni.cpp, line 535]
Event: 3.465 Thread 0x000001d2622d34d0 Exception <a 'sun/nio/fs/WindowsException'{0x00000000835cc568}> (0x00000000835cc568) 
thrown [s\src\hotspot\share\prims\jni.cpp, line 535]

VM Operations (20 events):
Event: 2.795 Executing non-safepoint VM operation: HandshakeAllThreads (Deoptimize)
Event: 2.795 Executing non-safepoint VM operation: HandshakeAllThreads (Deoptimize) done
Event: 2.799 Executing non-safepoint VM operation: HandshakeAllThreads (Deoptimize)
Event: 2.799 Executing non-safepoint VM operation: HandshakeAllThreads (Deoptimize) done
Event: 2.914 Executing non-safepoint VM operation: HandshakeAllThreads (Deoptimize)
Event: 2.914 Executing non-safepoint VM operation: HandshakeAllThreads (Deoptimize) done
Event: 2.959 Executing safepoint VM operation: G1CollectForAllocation (G1 Evacuation Pause)
Event: 2.962 Executing safepoint VM operation: G1CollectForAllocation (G1 Evacuation Pause) done
Event: 3.203 Executing safepoint VM operation: G1CollectForAllocation (G1 Evacuation Pause)
Event: 3.205 Executing safepoint VM operation: G1CollectForAllocation (G1 Evacuation Pause) done
Event: 3.213 Executing safepoint VM operation: G1PauseRemark
Event: 3.215 Executing safepoint VM operation: G1PauseRemark done
Event: 3.218 Executing safepoint VM operation: G1PauseCleanup
Event: 3.218 Executing safepoint VM operation: G1PauseCleanup done
Event: 3.301 Executing non-safepoint VM operation: HandshakeAllThreads (Deoptimize)
Event: 3.301 Executing non-safepoint VM operation: HandshakeAllThreads (Deoptimize) done
Event: 3.335 Executing non-safepoint VM operation: HandshakeAllThreads (Deoptimize)
Event: 3.335 Executing non-safepoint VM operation: HandshakeAllThreads (Deoptimize) done
Event: 3.436 Executing non-safepoint VM operation: HandshakeAllThreads (Deoptimize)
Event: 3.436 Executing non-safepoint VM operation: HandshakeAllThreads (Deoptimize) done

Memory protections (0 events):
No events

Nmethod flushes (20 events):
Event: 3.214 Thread 0x000001d258107630 flushing  nmethod 0x000001d2431f8b08
Event: 3.214 Thread 0x000001d258107630 flushing  nmethod 0x000001d243257208
Event: 3.214 Thread 0x000001d258107630 flushing  nmethod 0x000001d2432c2008
Event: 3.214 Thread 0x000001d258107630 flushing  nmethod 0x000001d2432c2f08
Event: 3.214 Thread 0x000001d258107630 flushing  nmethod 0x000001d24343cc08
Event: 3.214 Thread 0x000001d258107630 flushing  nmethod 0x000001d2434b3c88
Event: 3.214 Thread 0x000001d258107630 flushing  nmethod 0x000001d24ae5aa08
Event: 3.214 Thread 0x000001d258107630 flushing  nmethod 0x000001d24317a788
Event: 3.214 Thread 0x000001d258107630 flushing  nmethod 0x000001d24317f488
Event: 3.214 Thread 0x000001d258107630 flushing  nmethod 0x000001d2431eb408
Event: 3.214 Thread 0x000001d258107630 flushing  nmethod 0x000001d243246088
Event: 3.214 Thread 0x000001d258107630 flushing  nmethod 0x000001d243248388
Event: 3.214 Thread 0x000001d258107630 flushing  nmethod 0x000001d24334ef08
Event: 3.214 Thread 0x000001d258107630 flushing  nmethod 0x000001d24334f808
Event: 3.214 Thread 0x000001d258107630 flushing  nmethod 0x000001d243352508
Event: 3.214 Thread 0x000001d258107630 flushing  nmethod 0x000001d243353b08
Event: 3.214 Thread 0x000001d258107630 flushing  nmethod 0x000001d243357288
Event: 3.214 Thread 0x000001d258107630 flushing  nmethod 0x000001d2434b6b88
Event: 3.214 Thread 0x000001d258107630 flushing  nmethod 0x000001d2434bca88
Event: 3.214 Thread 0x000001d258107630 flushing  nmethod 0x000001d243572288

Events (20 events):
Event: 1.077 Thread 0x000001d25ec13430 Thread added: 0x000001d25ef08620
Event: 1.082 Thread 0x000001d25ec13430 Thread added: 0x000001d25ef095c0
Event: 1.087 Thread 0x000001d25ef095c0 Thread added: 0x000001d25ec065e0
Event: 1.097 Thread 0x000001d25ef095c0 Thread added: 0x000001d25ec08520
Event: 1.100 Thread 0x000001d25ef095c0 Thread added: 0x000001d25ec094c0
Event: 1.312 Thread 0x000001d25ef095c0 Thread added: 0x000001d25ec05e10
Event: 1.317 Thread 0x000001d25ef095c0 Thread added: 0x000001d25ec09c90
Event: 1.353 Thread 0x000001d25ef095c0 Thread added: 0x000001d25ec0a460
Event: 1.820 Thread 0x000001d25ef095c0 Thread added: 0x000001d25ec0c3a0
Event: 1.837 Thread 0x000001d25ef095c0 Thread added: 0x000001d26057c320
Event: 1.950 Thread 0x000001d25ef095c0 Thread added: 0x000001d26057ea30
Event: 2.119 Thread 0x000001d25ef095c0 Thread added: 0x000001d26057da90
Event: 2.777 Thread 0x000001d25ef095c0 Thread added: 0x000001d260be5bf0
Event: 2.780 Thread 0x000001d25ef095c0 Thread added: 0x000001d260be7b30
Event: 2.797 Thread 0x000001d25ef095c0 Thread added: 0x000001d260be92a0
Event: 2.802 Thread 0x000001d260be92a0 Thread exited: 0x000001d260be92a0
Event: 3.012 Thread 0x000001d25ef095c0 Thread added: 0x000001d260be92a0
Event: 3.044 Thread 0x000001d25ef095c0 Thread added: 0x000001d260be7360
Event: 3.398 Thread 0x000001d25ef095c0 Thread added: 0x000001d2622d34d0
Event: 3.452 Thread 0x000001d25ef095c0 Thread added: 0x000001d2622d82f0


Dynamic libraries:
0x00007ff67c610000 - 0x00007ff67c61a000 	C:\Program Files\Android\Android Studio\jbr\bin\java.exe
0x00007ff91c960000 - 0x00007ff91cbc7000 	C:\WINDOWS\SYSTEM32\ntdll.dll
0x00007ff91ac20000 - 0x00007ff91aceb000 	C:\WINDOWS\System32\KERNEL32.DLL
0x00007ff919c90000 - 0x00007ff91a092000 	C:\WINDOWS\System32\KERNELBASE.dll
0x00007ff91a0a0000 - 0x00007ff91a1ec000 	C:\WINDOWS\System32\ucrtbase.dll
0x00007ff911690000 - 0x00007ff9116ab000 	C:\Program Files\Android\Android Studio\jbr\bin\VCRUNTIME140.dll
0x00007ff8e7370000 - 0x00007ff8e7386000 	C:\Program Files\Android\Android Studio\jbr\bin\jli.dll
0x00007ff91ae10000 - 0x00007ff91afdf000 	C:\WINDOWS\System32\USER32.dll
0x00007ff8fe490000 - 0x00007ff8fe720000 	C:\WINDOWS\WinSxS\amd64_microsoft.windows.common-controls_6595b64144ccf1df_6.0.26100.9278_none_3e0d1ba8e3303201\COMCTL32.dll
0x00007ff91a2c0000 - 0x00007ff91a2e7000 	C:\WINDOWS\System32\win32u.dll
0x00007ff91a680000 - 0x00007ff91a729000 	C:\WINDOWS\System32\msvcrt.dll
0x00007ff91aa00000 - 0x00007ff91aa2b000 	C:\WINDOWS\System32\GDI32.dll
0x00007ff919b60000 - 0x00007ff919c89000 	C:\WINDOWS\System32\gdi32full.dll
0x00007ff91a3b0000 - 0x00007ff91a453000 	C:\WINDOWS\System32\msvcp_win.dll
0x00007ff91c620000 - 0x00007ff91c651000 	C:\WINDOWS\System32\IMM32.DLL
0x00007ff9141f0000 - 0x00007ff9141fc000 	C:\Program Files\Android\Android Studio\jbr\bin\vcruntime140_1.dll
0x00007ff8edae0000 - 0x00007ff8edb6d000 	C:\Program Files\Android\Android Studio\jbr\bin\msvcp140.dll
0x00007ff84d000000 - 0x00007ff84deda000 	C:\Program Files\Android\Android Studio\jbr\bin\server\jvm.dll
0x00007ff91c660000 - 0x00007ff91c71c000 	C:\WINDOWS\System32\ADVAPI32.dll
0x00007ff91a730000 - 0x00007ff91a7d9000 	C:\WINDOWS\System32\sechost.dll
0x00007ff91c800000 - 0x00007ff91c918000 	C:\WINDOWS\System32\RPCRT4.dll
0x00007ff91ad80000 - 0x00007ff91ae00000 	C:\WINDOWS\System32\WS2_32.dll
0x00007ff918690000 - 0x00007ff9186ee000 	C:\WINDOWS\SYSTEM32\POWRPROF.dll
0x00007ff90edc0000 - 0x00007ff90edf6000 	C:\WINDOWS\SYSTEM32\WINMM.dll
0x00007ff911e70000 - 0x00007ff911e7b000 	C:\WINDOWS\SYSTEM32\VERSION.dll
0x00007ff918670000 - 0x00007ff918685000 	C:\WINDOWS\SYSTEM32\UMPDC.dll
0x00007ff918950000 - 0x00007ff91896b000 	C:\WINDOWS\SYSTEM32\kernel.appcore.dll
0x00007ff911680000 - 0x00007ff91168a000 	C:\Program Files\Android\Android Studio\jbr\bin\jimage.dll
0x00007ff916fa0000 - 0x00007ff9171ec000 	C:\WINDOWS\SYSTEM32\DBGHELP.DLL
0x00007ff91baf0000 - 0x00007ff91be75000 	C:\WINDOWS\System32\combase.dll
0x00007ff91b580000 - 0x00007ff91b659000 	C:\WINDOWS\System32\OLEAUT32.dll
0x00007ff906f80000 - 0x00007ff906fbb000 	C:\WINDOWS\SYSTEM32\dbgcore.DLL
0x00007ff91a200000 - 0x00007ff91a2ac000 	C:\WINDOWS\System32\bcryptPrimitives.dll
0x00007ff915fa0000 - 0x00007ff915fae000 	C:\Program Files\Android\Android Studio\jbr\bin\instrument.dll
0x00007ff911660000 - 0x00007ff91167f000 	C:\Program Files\Android\Android Studio\jbr\bin\java.dll
0x00007ff91b110000 - 0x00007ff91b2aa000 	C:\WINDOWS\System32\ole32.dll
0x00007ff91be80000 - 0x00007ff91c618000 	C:\WINDOWS\System32\SHELL32.dll
0x00007ff910710000 - 0x00007ff910727000 	C:\Program Files\Android\Android Studio\jbr\bin\zip.dll
0x00007ff9175c0000 - 0x00007ff917e6e000 	C:\WINDOWS\SYSTEM32\windows.storage.dll
0x00007ff91a7f0000 - 0x00007ff91a8eb000 	C:\WINDOWS\System32\SHCORE.dll
0x00007ff91a940000 - 0x00007ff91a9a6000 	C:\WINDOWS\System32\shlwapi.dll
0x00007ff919a80000 - 0x00007ff919aa9000 	C:\WINDOWS\SYSTEM32\profapi.dll
0x00007ff911650000 - 0x00007ff911660000 	C:\Program Files\Android\Android Studio\jbr\bin\net.dll
0x00007ff918f10000 - 0x00007ff918f7c000 	C:\WINDOWS\system32\mswsock.dll
0x00007ff903600000 - 0x00007ff903616000 	C:\Program Files\Android\Android Studio\jbr\bin\nio.dll
0x00007ff903440000 - 0x00007ff903450000 	C:\Program Files\Android\Android Studio\jbr\bin\verify.dll
0x00007ff8f6570000 - 0x00007ff8f6597000 	C:\Users\A S U S\.gradle\native\660c5614fbf4a5f2a75b1949f50a0caf5cd603558e7d8a26e50b933a0cfb79d1\windows-amd64\native-platform.dll
0x00007ff8c08f0000 - 0x00007ff8c0967000 	C:\Users\A S U S\.gradle\native\0.2.8\x86_64-windows-gnu\gradle-fileevents.dll
0x00007ff910f20000 - 0x00007ff910f29000 	C:\Program Files\Android\Android Studio\jbr\bin\management.dll
0x00007ff910eb0000 - 0x00007ff910ebb000 	C:\Program Files\Android\Android Studio\jbr\bin\management_ext.dll
0x00007ff91a7e0000 - 0x00007ff91a7e8000 	C:\WINDOWS\System32\PSAPI.DLL
0x00007ff918270000 - 0x00007ff9182a3000 	C:\WINDOWS\SYSTEM32\IPHLPAPI.DLL
0x00007ff91c7f0000 - 0x00007ff91c7fa000 	C:\WINDOWS\System32\NSI.dll
0x00007ff9115d0000 - 0x00007ff9115d9000 	C:\Program Files\Android\Android Studio\jbr\bin\extnet.dll
0x00007ff919200000 - 0x00007ff91921b000 	C:\WINDOWS\SYSTEM32\CRYPTSP.dll
0x00007ff9188b0000 - 0x00007ff9188e9000 	C:\WINDOWS\system32\rsaenh.dll
0x00007ff918fc0000 - 0x00007ff918ff4000 	C:\WINDOWS\SYSTEM32\USERENV.dll
0x00007ff919a50000 - 0x00007ff919a7a000 	C:\WINDOWS\SYSTEM32\bcrypt.dll
0x00007ff919220000 - 0x00007ff91922c000 	C:\WINDOWS\SYSTEM32\CRYPTBASE.dll
0x00007ff908e80000 - 0x00007ff908e88000 	C:\WINDOWS\system32\wshunix.dll

JVMTI agents:
C:\Users\A S U S\.gradle\wrapper\dists\gradle-9.5.0-bin\bvnork1r7n8i6kp5cnkibsc9q\gradle-9.5.0\lib\agents\gradle-instrumentation-agent-9.5.0.jar path:C:\Program Files\Android\Android Studio\jbr\bin\instrument.dll, loaded, initialized, instrumentlib options:none

dbghelp: loaded successfully - version: 4.0.5 - missing functions: none
symbol engine: initialized successfully - sym options: 0x614 - pdb path: .;C:\Program Files\Android\Android Studio\jbr\bin;C:\WINDOWS\SYSTEM32;C:\WINDOWS\WinSxS\amd64_microsoft.windows.common-controls_6595b64144ccf1df_6.0.26100.9278_none_3e0d1ba8e3303201;C:\Program Files\Android\Android Studio\jbr\bin\server;C:\Users\A S U S\.gradle\native\660c5614fbf4a5f2a75b1949f50a0caf5cd603558e7d8a26e50b933a0cfb79d1\windows-amd64;C:\Users\A S U S\.gradle\native\0.2.8\x86_64-windows-gnu

VM Arguments:
jvm_args: --add-opens=java.base/java.lang=ALL-UNNAMED --add-opens=java.base/java.lang.invoke=ALL-UNNAMED --add-opens=java.base/java.util=ALL-UNNAMED --add-opens=java.prefs/java.util.prefs=ALL-UNNAMED --add-exports=jdk.compiler/com.sun.tools.javac.api=ALL-UNNAMED --add-exports=jdk.compiler/com.sun.tools.javac.util=ALL-UNNAMED --add-opens=java.base/java.nio.charset=ALL-UNNAMED --add-opens=java.base/java.net=ALL-UNNAMED --add-opens=java.base/java.util.concurrent=ALL-UNNAMED --add-opens=java.base/java.util.concurrent.atomic=ALL-UNNAMED --add-opens=java.xml/javax.xml.namespace=ALL-UNNAMED --add-opens=java.base/java.time=ALL-UNNAMED --enable-native-access=ALL-UNNAMED -Xmx2048m -Dfile.encoding=UTF-8 -Duser.country=ID -Duser.language=en -Duser.variant -javaagent:C:\Users\A S U S\.gradle\wrapper\dists\gradle-9.5.0-bin\bvnork1r7n8i6kp5cnkibsc9q\gradle-9.5.0\lib\agents\gradle-instrumentation-agent-9.5.0.jar 
java_command: org.gradle.launcher.daemon.bootstrap.GradleDaemon 9.5.0
java_class_path (initial): C:\Users\A S U S\.gradle\wrapper\dists\gradle-9.5.0-bin\bvnork1r7n8i6kp5cnkibsc9q\gradle-9.5.0\lib\gradle-daemon-main-9.5.0.jar
Launcher Type: SUN_STANDARD

[Global flags]
     intx CICompilerCount                          = 12                                        {product} {ergonomic}
     uint ConcGCThreads                            = 3                                         {product} {ergonomic}
     uint G1ConcRefinementThreads                  = 13                                        {product} {ergonomic}
   size_t G1HeapRegionSize                         = 1048576                                   {product} {ergonomic}
   size_t InitialHeapSize                          = 264241152                                 {product} {ergonomic}
   size_t MarkStackSize                            = 4194304                                   {product} {ergonomic}
   size_t MarkStackSizeMax                         = 536870912                                 {product} {ergonomic}
   size_t MaxHeapSize                              = 2147483648                                {product} {command line}
   size_t MaxNewSize                               = 1287651328                                {product} {ergonomic}
   size_t MinHeapDeltaBytes                        = 1048576                                   {product} {ergonomic}
   size_t MinHeapSize                              = 8388608                                   {product} {ergonomic}
    uintx NonNMethodCodeHeapSize                   = 7602176                                {pd product} {ergonomic}
    uintx NonProfiledCodeHeapSize                  = 122093568                              {pd product} {ergonomic}
    uintx ProfiledCodeHeapSize                     = 121962496                              {pd product} {ergonomic}
    uintx ReservedCodeCacheSize                    = 251658240                              {pd product} {ergonomic}
     bool SegmentedCodeCache                       = true                                      {product} {ergonomic}
   size_t SoftMaxHeapSize                          = 2147483648                             {manageable} {ergonomic}
     bool UseCompressedOops                        = true                           {product lp64_product} {ergonomic}
     bool UseG1GC                                  = true                                      {product} {ergonomic}
     bool UseLargePagesIndividualAllocation        = false                                  {pd product} {ergonomic}

Logging:
Log output configuration:
 #0: stdout all=warning uptime,level,tags foldmultilines=false
 #1: stderr all=off uptime,level,tags foldmultilines=false

Release file:
JAVA_VERSION="25.0.2" 
MODULES="java.base java.compiler java.datatransfer java.xml java.prefs java.desktop java.instrument java.logging java.management java.security.sasl java.naming java.rmi java.management.rmi java.net.http java.scripting java.security.jgss java.transaction.xa java.sql java.sql.rowset java.xml.crypto java.se java.smartcardio jdk.accessibility jdk.internal.jvmstat jdk.attach jdk.charsets jdk.internal.opt jdk.zipfs jdk.compiler jdk.crypto.cryptoki jdk.crypto.ec jdk.dynalink jdk.hotspot.agent jdk.httpserver jdk.internal.ed jdk.internal.le jdk.internal.md jdk.internal.vm.ci jdk.jartool jdk.javadoc jdk.jcmd jdk.jdeps jdk.jdwp.agent jdk.jdi jdk.jfr jdk.jlink jdk.localedata jdk.management jdk.management.agent jdk.management.jfr jdk.naming.dns jdk.naming.rmi jdk.net jdk.sctp jdk.security.auth jdk.security.jgss jdk.unsupported jdk.unsupported.desktop jdk.xml.dom" 
IMPLEMENTOR="JetBrains s.r.o." 
JAVA_RUNTIME_VERSION="25.0.2+-15348964-b329.117" 
LIBC="default" 
OS_ARCH="x86_64" 
OS_NAME="Windows" 
SOURCE=".:git:3cf398e84a39" 

Environment Variables:
CLASSPATH=.;C:\PROGRA~1\IBM\SQLLIB\java\db2java.zip;C:\PROGRA~1\IBM\SQLLIB\java\db2jcc.jar;C:\PROGRA~1\IBM\SQLLIB\java\sqlj.zip;C:\PROGRA~1\IBM\SQLLIB\java\db2jcc_license_cu.jar;C:\PROGRA~1\IBM\SQLLIB\bin;C:\PROGRA~1\IBM\SQLLIB\java\common.jar
PATH=C:\Program Files\Eclipse Adoptium\jdk-21.0.4.7-hotspot\bin;C:\Program Files\Common Files\Oracle\Java\javapath;C:\Program Files (x86)\Common Files\Oracle\Java\java8path;C:\Program Files (x86)\Common Files\Oracle\Java\javapath;C:\Windows\system32;C:\Windows;C:\Windows\System32\Wbem;C:\Windows\System32\WindowsPowerShell\v1.0\;C:\Windows\System32\OpenSSH\;C:\Program Files (x86)\NVIDIA Corporation\PhysX\Common;C:\Program Files\NVIDIA Corporation\NVIDIA NvDLISR;C:\WINDOWS\system32;C:\WINDOWS;C:\WINDOWS\System32\Wbem;C:\WINDOWS\System32\WindowsPowerShell\v1.0\;C:\WINDOWS\System32\OpenSSH\;C:\Program Files\Java\jdk-22\bin;C:\xampp\php;C:\ProgramData\ComposerSetup\bin;D:\Git\cmd;C:\PROGRA~1\IBM\SQLLIB\BIN;C:\PROGRA~1\IBM\SQLLIB\FUNCTION;C:\PROGRA~1\IBM\SQLLIB\SAMPLES\REPL;D:\xampp baru\xampp\php;D:\Program Files\nodejs\;C:\Program Files\dotnet\;C:\Users\A S U S\AppData\Local\Programs\Python\Launcher\;C:\Users\A S U S\AppData\Local\Microsoft\WindowsApps;C:\Users\A S U S\AppData\Local\Programs\Microsoft VS Code\bin;C:\Users\A S U S\AppData\Roaming\Composer\vendor\bin;C:\Users\A S U S\AppData\Roaming\npm
USERNAME=A S U S
OS=Windows_NT
PROCESSOR_IDENTIFIER=Intel64 Family 6 Model 154 Stepping 3, GenuineIntel
TMP=C:\Users\ASUS~1\AppData\Local\Temp
TEMP=C:\Users\ASUS~1\AppData\Local\Temp




Compilation memory statistics disabled.

Periodic native trim disabled

JNI global refs:
JNI global refs: 30, weak refs: 0

JNI global refs memory usage: 835, weak refs: 833

Process memory usage:
Resident Set Size: 288008K (1% of 16386528K total physical memory with 1635852K free physical memory)

OOME stack traces (most recent first):
Classloader memory used:
Loader org.gradle.internal.classloader.VisitableURLClassLoader                         : 26556 K
Loader bootstrap                                                                       : 22237 K
Loader org.gradle.initialization.MixInLegacyTypesClassLoader                           : 7632 K
Loader org.gradle.internal.classloader.VisitableURLClassLoader$InstrumentingVisitableURLClassLoader: 1184 K
Loader jdk.internal.loader.ClassLoaders$AppClassLoader                                 : 188 K
Loader jdk.internal.loader.ClassLoaders$PlatformClassLoader                            : 132 K

Classes loaded by more than one classloader:
Class org.gradle.internal.classloader.FilteringClassLoader                            : loaded 2 times (x 106B)
Class org.gradle.internal.classloader.ClassLoaderHierarchy                            : loaded 2 times (x 72B)
Class org.gradle.internal.classloader.DefaultClassLoaderFactory                       : loaded 2 times (x 84B)
Class org.gradle.api.internal.DefaultClassPathProvider                                : loaded 2 times (x 78B)
Class [Lorg.gradle.api.internal.ClassPathProvider;                                    : loaded 2 times (x 71B)
Class org.gradle.api.internal.ClassPathProvider                                       : loaded 2 times (x 72B)
Class org.gradle.internal.service.UnknownServiceException                             : loaded 2 times (x 85B)
Class org.gradle.internal.classpath.TransformedClassPath                              : loaded 2 times (x 98B)
Class org.gradle.internal.classloader.InstrumentingClassLoader                        : loaded 2 times (x 72B)
Class org.gradle.internal.service.ServiceLocator                                      : loaded 2 times (x 72B)
Class org.gradle.api.internal.classpath.DefaultModuleRegistry$DefaultModule           : loaded 2 times (x 84B)
Class org.gradle.api.internal.classpath.Module                                        : loaded 2 times (x 72B)
Class org.gradle.api.internal.classpath.UnknownModuleException                        : loaded 2 times (x 84B)
Class org.gradle.api.internal.DefaultClassPathRegistry                                : loaded 2 times (x 78B)
Class org.gradle.internal.classpath.DefaultClassPath$ImmutableUniqueList              : loaded 2 times (x 201B)
Class org.gradle.api.internal.ClassPathRegistry                                       : loaded 2 times (x 72B)
Class org.gradle.internal.classpath.ClassPath                                         : loaded 2 times (x 72B)
Class org.gradle.api.internal.classpath.DefaultModuleRegistry$DefaultModuleAlias      : loaded 2 times (x 82B)
Class org.gradle.api.internal.classpath.ModuleRegistry                                : loaded 2 times (x 72B)
Class org.gradle.internal.installation.GradleInstallation$1                           : loaded 2 times (x 77B)
Class org.gradle.api.internal.classpath.DefaultModuleRegistry                         : loaded 2 times (x 86B)
Class org.gradle.internal.service.ServiceLookupException                              : loaded 2 times (x 84B)
Class org.gradle.internal.classloader.ClassLoaderFactory                              : loaded 2 times (x 72B)
Class org.gradle.internal.service.CachingServiceLocator                               : loaded 2 times (x 84B)
Class org.gradle.internal.classloader.ClasspathUtil                                   : loaded 2 times (x 73B)
Class org.gradle.api.specs.Spec                                                       : loaded 2 times (x 72B)
Class org.gradle.internal.classloader.VisitableURLClassLoader$InstrumentingVisitableURLClassLoader: loaded 2 times (x 124B)
Class org.gradle.internal.classloader.VisitableURLClassLoader$Spec                    : loaded 2 times (x 76B)
Class org.gradle.internal.classpath.DefaultClassPath                                  : loaded 2 times (x 92B)
Class org.gradle.internal.classloader.ClassLoaderSpec                                 : loaded 2 times (x 73B)
Class org.gradle.api.internal.classpath.Module$ModuleAlias                            : loaded 2 times (x 72B)
Class org.gradle.internal.classloader.VisitableURLClassLoader                         : loaded 2 times (x 118B)
Class org.gradle.internal.Cast                                                        : loaded 2 times (x 73B)
Class org.gradle.api.Action                                                           : loaded 2 times (x 72B)
Class org.gradle.internal.classpath.DefaultClassPath$ImmutableUniqueList$Builder      : loaded 2 times (x 77B)
Class org.gradle.api.GradleException                                                  : loaded 2 times (x 84B)
Class org.gradle.internal.IoActions                                                   : loaded 2 times (x 73B)
Class org.gradle.internal.installation.CurrentGradleInstallationLocator               : loaded 2 times (x 73B)
Class org.gradle.internal.service.DefaultServiceLocator                               : loaded 2 times (x 85B)
Class org.gradle.internal.installation.CurrentGradleInstallation                      : loaded 2 times (x 75B)
Class org.gradle.util.internal.GUtil                                                  : loaded 2 times (x 73B)
Class org.gradle.internal.installation.GradleInstallation                             : loaded 2 times (x 77B)

---------------  S Y S T E M  ---------------

OS:
 Windows 11 , 64 bit Build 26100 (10.0.26100.9444)
OS uptime: 0 days 17:55 hours
Hyper-V role detected

CPU: total 16 (initial active 16) (8 cores per cpu, 2 threads per core) family 6 model 154 stepping 3 microcode 0x434, cx8, cmov, fxsr, ht, mmx, 3dnowpref, sse, sse2, sse3, ssse3, sse4.1, sse4.2, popcnt, lzcnt, tsc, tscinvbit, avx, avx2, aes, erms, clmul, bmi1, bmi2, adx, sha, fma, vzeroupper, clflush, clflushopt, clwb, hv, serialize, rdtscp, rdpid, fsrm, gfni, f16c, cet_ibt, cet_ss
Processor Information for the first 16 processors :
  Max Mhz: 2500, Current Mhz: 2500, Mhz Limit: 2500

Memory: 4k page, system-wide physical 16002M (1592M free)
TotalPageFile size 16002M (AvailPageFile size 5M)
current process WorkingSet (physical memory assigned to process): 281M, peak: 281M
current process commit charge ("private bytes"): 325M, peak: 415M

vm_info: OpenJDK 64-Bit Server VM (25.0.2+-15348964-b329.117) for windows-amd64 JRE (25.0.2+-15348964-b329.117), built on 2026-05-05T18:25:19Z with MS VC++ 16.10 / 16.11 (VS2019)

END.
